[96msrc/client/BaseClient.ts[0m:[93m83[0m:[93m25[0m - [91merror[0m[90m TS2345: [0mArgument of type 'this' is not assignable to parameter of type 'Record<string, unknown>'.
  Type 'BaseClient' is not assignable to type 'Record<string, unknown>'.
    Index signature for type 'string' is missing in type 'BaseClient'.

[7m83[0m     return Util.flatten(this, { domain: false }, ...props);
[7m  [0m [91m                        ~~~~[0m

[96msrc/client/Client.ts[0m:[93m185[0m:[93m46[0m - [91merror[0m[90m TS2345: [0mArgument of type '{ client: this; }' is not assignable to parameter of type 'Guild'.
  Type '{ client: this; }' is missing the following properties from type 'Guild': members, channels, bans, roles, and 122 more.

[7m185[0m     this.voiceStates = new VoiceStateManager({ client: this });
[7m   [0m [91m                                             ~~~~~~~~~~~~~~~~[0m

[96msrc/client/Client.ts[0m:[93m192[0m:[93m35[0m - [91merror[0m[90m TS2345: [0mArgument of type 'this' is not assignable to parameter of type 'ShardClient'.
  Type 'Client' is not assignable to type 'ShardClient'.
    Types of property 'options' are incompatible.
      Type 'ClientOptions' is missing the following properties from type '{ shards: number[]; shardCount: number; }': shards, shardCount

[7m192[0m       ? ShardClientUtil.singleton(this, process.env.SHARDING_MANAGER_MODE)
[7m   [0m [91m                                  ~~~~[0m

[96msrc/client/Client.ts[0m:[93m536[0m:[93m5[0m - [91merror[0m[90m TS2322: [0mType 'Collection<unknown, unknown>' is not assignable to type 'Collection<string, VoiceRegion>'.
  Type 'unknown' is not assignable to type 'string'.

[7m536[0m     return regions;
[7m   [0m [91m    ~~~~~~[0m

[96msrc/client/Client.ts[0m:[93m731[0m:[93m23[0m - [91merror[0m[90m TS2345: [0mArgument of type '"GUEST"' is not assignable to parameter of type 'BitFieldResolvable<"IS_GUEST_INVITE" | "IS_VIEWED" | "IS_ENHANCED" | "IS_APPLICATION_BYPASS", number>'.

[7m731[0m       if (i.flags.has('GUEST')) {
[7m   [0m [91m                      ~~~~~~~[0m

[96msrc/client/Client.ts[0m:[93m779[0m:[93m87[0m - [91merror[0m[90m TS2339: [0mProperty 'code' does not exist on type 'Client'.

[7m779[0m           ['member-verification'].get({ query: { with_guild: false, invite_code: this.code } })
[7m   [0m [91m                                                                                      ~~~~[0m

[96msrc/client/Client.ts[0m:[93m809[0m:[93m39[0m - [91merror[0m[90m TS2345: [0mArgument of type 'unknown' is not assignable to parameter of type 'string | Channel'.

[7m809[0m     channel = this.channels.resolveId(channel);
[7m   [0m [91m                                      ~~~~~~~[0m

[96msrc/client/Client.ts[0m:[93m927[0m:[93m5[0m - [91merror[0m[90m TS2322: [0mType 'Promise<Collection<unknown, unknown> | Collection<string, AuthorizedApplicationData>>' is not assignable to type 'Promise<Collection<string, AuthorizedApplicationData>>'.
  Type 'Collection<unknown, unknown> | Collection<string, AuthorizedApplicationData>' is not assignable to type 'Collection<string, AuthorizedApplicationData>'.
    Type 'Collection<unknown, unknown>' is not assignable to type 'Collection<string, AuthorizedApplicationData>'.
      Type 'unknown' is not assignable to type 'string'.

[7m927[0m     return this.api.oauth2.tokens.get().then(data => {
[7m   [0m [91m    ~~~~~~[0m

[96msrc/client/actions/ChannelCreate.ts[0m:[93m8[0m:[93m37[0m - [91merror[0m[90m TS2554: [0mExpected 2-3 arguments, but got 1.

[7m8[0m     const channel = client.channels._add(data);
[7m [0m [91m                                    ~~~~[0m

  [96msrc/managers/ChannelManager.ts[0m:[93m43[0m:[93m5[0m
    [7m43[0m     guild: Guild | null,
    [7m  [0m [96m    ~~~~~~~~~~~~~~~~~~~[0m
    An argument for 'guild' was not provided.

[96msrc/client/actions/ChannelDelete.ts[0m:[93m10[0m:[93m10[0m - [91merror[0m[90m TS2339: [0mProperty 'deleted' does not exist on type 'ChannelDeleteAction'.

[7m10[0m     this.deleted = new Map();
[7m  [0m [91m         ~~~~~~~[0m

[96msrc/client/actions/ChannelUpdate.ts[0m:[93m34[0m:[93m23[0m - [91merror[0m[90m TS2554: [0mExpected 2-3 arguments, but got 1.

[7m34[0m       client.channels._add(data);
[7m  [0m [91m                      ~~~~[0m

  [96msrc/managers/ChannelManager.ts[0m:[93m43[0m:[93m5[0m
    [7m43[0m     guild: Guild | null,
    [7m  [0m [96m    ~~~~~~~~~~~~~~~~~~~[0m
    An argument for 'guild' was not provided.

[96msrc/client/actions/GuildAuditLogEntryCreate.ts[0m:[93m14[0m:[93m23[0m - [91merror[0m[90m TS2554: [0mExpected 3 arguments, but got 2.

[7m14[0m       auditLogEntry = new GuildAuditLogsEntry(guild, data);
[7m  [0m [91m                      ~~~~~~~~~~~~~~~~~~~~~~~~~~~~~~~~~~~~[0m

  [96msrc/structures/GuildAuditLogs.ts[0m:[93m437[0m:[93m40[0m
    [7m437[0m   constructor(guild: Guild, data: any, logs: GuildAuditLogs) {
    [7m   [0m [96m                                       ~~~~~~~~~~~~~~~~~~~~[0m
    An argument for 'logs' was not provided.

[96msrc/client/actions/GuildDelete.ts[0m:[93m9[0m:[93m10[0m - [91merror[0m[90m TS2339: [0mProperty 'deleted' does not exist on type 'GuildDeleteAction'.

[7m9[0m     this.deleted = new Map();
[7m [0m [91m         ~~~~~~~[0m

[96msrc/client/actions/GuildDelete.ts[0m:[93m49[0m:[93m12[0m - [91merror[0m[90m TS2339: [0mProperty 'deleted' does not exist on type 'GuildDeleteAction'.

[7m49[0m       this.deleted.set(guild.id, guild);
[7m  [0m [91m           ~~~~~~~[0m

[96msrc/client/actions/GuildDelete.ts[0m:[93m52[0m:[93m20[0m - [91merror[0m[90m TS2339: [0mProperty 'deleted' does not exist on type 'GuildDeleteAction'.

[7m52[0m       guild = this.deleted.get(data.id) ?? null;
[7m  [0m [91m                   ~~~~~~~[0m

[96msrc/client/actions/GuildDelete.ts[0m:[93m59[0m:[93m27[0m - [91merror[0m[90m TS2339: [0mProperty 'deleted' does not exist on type 'GuildDeleteAction'.

[7m59[0m     setTimeout(() => this.deleted.delete(id), this.client.options.restWsBridgeTimeout).unref();
[7m  [0m [91m                          ~~~~~~~[0m

[96msrc/client/actions/GuildDelete.ts[0m:[93m59[0m:[93m47[0m - [91merror[0m[90m TS2769: [0mNo overload matches this call.
  Overload 1 of 2, '(callback: () => void, delay?: number): Timeout', gave the following error.
    Argument of type 'unknown' is not assignable to parameter of type 'number'.
  Overload 2 of 2, '(callback: (_: void) => void, delay?: number): Timeout', gave the following error.
    Argument of type 'unknown' is not assignable to parameter of type 'number'.

[7m59[0m     setTimeout(() => this.deleted.delete(id), this.client.options.restWsBridgeTimeout).unref();
[7m  [0m [91m                                              ~~~~~~~~~~~~~~~~~~~~~~~~~~~~~~~~~~~~~~~[0m


[96msrc/client/actions/GuildEmojiCreate.ts[0m:[93m5[0m:[93m3[0m - [91merror[0m[90m TS2416: [0mProperty 'handle' in type 'GuildEmojiCreateAction' is not assignable to the same property in base type 'GenericAction'.
  Type '(guild: any, createdEmoji: any) => any' is not assignable to type '(data: any) => any'.
    Target signature provides too few arguments. Expected 2 or more, but got 1.

[7m5[0m   handle(guild: any, createdEmoji: any): any {
[7m [0m [91m  ~~~~~~[0m

[96msrc/client/actions/GuildEmojiUpdate.ts[0m:[93m5[0m:[93m3[0m - [91merror[0m[90m TS2416: [0mProperty 'handle' in type 'GuildEmojiUpdateAction' is not assignable to the same property in base type 'GenericAction'.
  Type '(current: any, data: any) => any' is not assignable to type '(data: any) => any'.
    Target signature provides too few arguments. Expected 2 or more, but got 1.

[7m5[0m   handle(current: any, data: any): any {
[7m [0m [91m  ~~~~~~[0m

[96msrc/client/actions/GuildMemberRemove.ts[0m:[93m6[0m:[93m3[0m - [91merror[0m[90m TS2416: [0mProperty 'handle' in type 'GuildMemberRemoveAction' is not assignable to the same property in base type 'GenericAction'.
  Type '(data: any, shard: any) => any' is not assignable to type '(data: any) => any'.
    Target signature provides too few arguments. Expected 2 or more, but got 1.

[7m6[0m   handle(data: any, shard: any): any {
[7m [0m [91m  ~~~~~~[0m

[96msrc/client/actions/GuildMemberUpdate.ts[0m:[93m5[0m:[93m3[0m - [91merror[0m[90m TS2416: [0mProperty 'handle' in type 'GuildMemberUpdateAction' is not assignable to the same property in base type 'GenericAction'.
  Type '(data: any, shard: any) => any' is not assignable to type '(data: any) => any'.
    Target signature provides too few arguments. Expected 2 or more, but got 1.

[7m5[0m   handle(data: any, shard: any): any {
[7m [0m [91m  ~~~~~~[0m

[96msrc/client/actions/GuildMemberUpdate.ts[0m:[93m20[0m:[93m28[0m - [91merror[0m[90m TS2339: [0mProperty '_update' does not exist on type 'unknown'.

[7m20[0m         const old = member._update(data);
[7m  [0m [91m                           ~~~~~~~[0m

[96msrc/client/actions/GuildMemberUpdate.ts[0m:[93m28[0m:[93m54[0m - [91merror[0m[90m TS2339: [0mProperty 'equals' does not exist on type 'unknown'.

[7m28[0m         if (shard.status === Status.READY && !member.equals(old)) client.emit(Events.GUILD_MEMBER_UPDATE, old, member);
[7m  [0m [91m                                                     ~~~~~~[0m

[96msrc/client/actions/GuildScheduledEventDelete.ts[0m:[93m12[0m:[93m64[0m - [91merror[0m[90m TS2339: [0mProperty 'id' does not exist on type 'unknown'.

[7m12[0m         guild.scheduledEvents.cache.delete(guildScheduledEvent.id);
[7m  [0m [91m                                                               ~~[0m

[96msrc/client/actions/GuildStickerCreate.ts[0m:[93m5[0m:[93m3[0m - [91merror[0m[90m TS2416: [0mProperty 'handle' in type 'GuildStickerCreateAction' is not assignable to the same property in base type 'GenericAction'.
  Type '(guild: any, createdSticker: any) => any' is not assignable to type '(data: any) => any'.
    Target signature provides too few arguments. Expected 2 or more, but got 1.

[7m5[0m   handle(guild: any, createdSticker: any): any {
[7m [0m [91m  ~~~~~~[0m

[96msrc/client/actions/GuildStickerUpdate.ts[0m:[93m5[0m:[93m3[0m - [91merror[0m[90m TS2416: [0mProperty 'handle' in type 'GuildStickerUpdateAction' is not assignable to the same property in base type 'GenericAction'.
  Type '(current: any, data: any) => any' is not assignable to type '(data: any) => any'.
    Target signature provides too few arguments. Expected 2 or more, but got 1.

[7m5[0m   handle(current: any, data: any): any {
[7m [0m [91m  ~~~~~~[0m

[96msrc/client/actions/MessageCreate.ts[0m:[93m19[0m:[93m32[0m - [91merror[0m[90m TS2339: [0mProperty 'author' does not exist on type 'unknown'.

[7m19[0m       if (existing && existing.author?.id !== this.client.user.id) return { message: existing };
[7m  [0m [91m                               ~~~~~~[0m

[96msrc/client/actions/MessageDeleteBulk.ts[0m:[93m22[0m:[93m11[0m - [91merror[0m[90m TS2345: [0mArgument of type 'Channel' is not assignable to parameter of type 'ChannelLike'.
  Property 'messages' is optional in type 'Channel' but required in type 'ChannelLike'.

[7m22[0m           channel,
[7m  [0m [91m          ~~~~~~~[0m

[96msrc/client/actions/MessageDeleteBulk.ts[0m:[93m26[0m:[93m31[0m - [91merror[0m[90m TS2345: [0mArgument of type 'unknown' is not assignable to parameter of type 'WeakKey'.

[7m26[0m           deletedMessages.add(message);
[7m  [0m [91m                              ~~~~~~~[0m

[96msrc/client/actions/MessageDeleteBulk.ts[0m:[93m27[0m:[93m32[0m - [91merror[0m[90m TS2339: [0mProperty 'id' does not exist on type 'unknown'.

[7m27[0m           messages.set(message.id, message);
[7m  [0m [91m                               ~~[0m

[96msrc/client/actions/MessagePollVoteAdd.ts[0m:[93m12[0m:[93m13[0m - [91merror[0m[90m TS2339: [0mProperty 'poll' does not exist on type '{}'.

[7m12[0m     const { poll } = message;
[7m  [0m [91m            ~~~~[0m

[96msrc/client/actions/MessagePollVoteRemove.ts[0m:[93m12[0m:[93m13[0m - [91merror[0m[90m TS2339: [0mProperty 'poll' does not exist on type '{}'.

[7m12[0m     const { poll } = message;
[7m  [0m [91m            ~~~~[0m

[96msrc/client/actions/MessageReactionAdd.ts[0m:[93m36[0m:[93m57[0m - [91merror[0m[90m TS2339: [0mProperty 'includes' does not exist on type 'unknown'.

[7m36[0m     const includePartial = this.client.options.partials.includes(PartialTypes.REACTION);
[7m  [0m [91m                                                        ~~~~~~~~[0m

[96msrc/client/actions/MessageReactionAdd.ts[0m:[93m37[0m:[93m17[0m - [91merror[0m[90m TS2339: [0mProperty 'partial' does not exist on type 'unknown'.

[7m37[0m     if (message.partial && !includePartial) return false;
[7m  [0m [91m                ~~~~~~~[0m

[96msrc/client/actions/MessageReactionAdd.ts[0m:[93m38[0m:[93m30[0m - [91merror[0m[90m TS2339: [0mProperty 'reactions' does not exist on type 'unknown'.

[7m38[0m     const reaction = message.reactions._add({
[7m  [0m [91m                             ~~~~~~~~~[0m

[96msrc/client/actions/MessageReactionAdd.ts[0m:[93m40[0m:[93m22[0m - [91merror[0m[90m TS2339: [0mProperty 'partial' does not exist on type 'unknown'.

[7m40[0m       count: message.partial ? null : 0,
[7m  [0m [91m                     ~~~~~~~[0m

[96msrc/client/actions/MessageReactionAdd.ts[0m:[93m41[0m:[93m16[0m - [91merror[0m[90m TS2339: [0mProperty 'id' does not exist on type 'unknown'.

[7m41[0m       me: user.id === this.client.user.id,
[7m  [0m [91m               ~~[0m

[96msrc/client/actions/MessageReactionRemove.ts[0m:[93m32[0m:[93m45[0m - [91merror[0m[90m TS2345: [0mArgument of type 'unknown' is not assignable to parameter of type 'MessageLike'.
  Property 'reactions' is missing in type '{}' but required in type 'MessageLike'.

[7m32[0m     const reaction = this.getReaction(data, message, user);
[7m  [0m [91m                                            ~~~~~~~[0m

  [96msrc/client/actions/Action.ts[0m:[93m20[0m:[93m3[0m
    [7m20[0m   reactions: CacheLike<unknown>;
    [7m  [0m [96m  ~~~~~~~~~[0m
    'reactions' is declared here.

[96msrc/client/actions/MessageReactionRemove.ts[0m:[93m34[0m:[93m14[0m - [91merror[0m[90m TS2339: [0mProperty '_remove' does not exist on type 'unknown'.

[7m34[0m     reaction._remove(user, data.burst);
[7m  [0m [91m             ~~~~~~~[0m

[96msrc/client/actions/MessageReactionRemoveAll.ts[0m:[93m15[0m:[93m29[0m - [91merror[0m[90m TS2339: [0mProperty 'reactions' does not exist on type 'unknown'.

[7m15[0m     const removed = message.reactions.cache.clone();
[7m  [0m [91m                            ~~~~~~~~~[0m

[96msrc/client/actions/MessageReactionRemoveAll.ts[0m:[93m17[0m:[93m13[0m - [91merror[0m[90m TS2339: [0mProperty 'reactions' does not exist on type 'unknown'.

[7m17[0m     message.reactions.cache.clear();
[7m  [0m [91m            ~~~~~~~~~[0m

[96msrc/client/actions/MessageReactionRemoveEmoji.ts[0m:[93m12[0m:[93m45[0m - [91merror[0m[90m TS2345: [0mArgument of type 'unknown' is not assignable to parameter of type 'MessageLike'.
  Property 'reactions' is missing in type '{}' but required in type 'MessageLike'.

[7m12[0m     const reaction = this.getReaction(data, message);
[7m  [0m [91m                                            ~~~~~~~[0m

  [96msrc/client/actions/Action.ts[0m:[93m20[0m:[93m3[0m
    [7m20[0m   reactions: CacheLike<unknown>;
    [7m  [0m [96m  ~~~~~~~~~[0m
    'reactions' is declared here.

[96msrc/client/actions/MessageReactionRemoveEmoji.ts[0m:[93m14[0m:[93m18[0m - [91merror[0m[90m TS2339: [0mProperty 'partial' does not exist on type 'unknown'.

[7m14[0m     if (!message.partial) message.reactions.cache.delete(reaction.emoji.id ?? reaction.emoji.name);
[7m  [0m [91m                 ~~~~~~~[0m

[96msrc/client/actions/MessageReactionRemoveEmoji.ts[0m:[93m14[0m:[93m35[0m - [91merror[0m[90m TS2339: [0mProperty 'reactions' does not exist on type 'unknown'.

[7m14[0m     if (!message.partial) message.reactions.cache.delete(reaction.emoji.id ?? reaction.emoji.name);
[7m  [0m [91m                                  ~~~~~~~~~[0m

[96msrc/client/actions/MessageReactionRemoveEmoji.ts[0m:[93m14[0m:[93m67[0m - [91merror[0m[90m TS2339: [0mProperty 'emoji' does not exist on type 'unknown'.

[7m14[0m     if (!message.partial) message.reactions.cache.delete(reaction.emoji.id ?? reaction.emoji.name);
[7m  [0m [91m                                                                  ~~~~~[0m

[96msrc/client/actions/MessageReactionRemoveEmoji.ts[0m:[93m14[0m:[93m88[0m - [91merror[0m[90m TS2339: [0mProperty 'emoji' does not exist on type 'unknown'.

[7m14[0m     if (!message.partial) message.reactions.cache.delete(reaction.emoji.id ?? reaction.emoji.name);
[7m  [0m [91m                                                                                       ~~~~~[0m

[96msrc/client/actions/MessageUpdate.ts[0m:[93m12[0m:[93m29[0m - [91merror[0m[90m TS2339: [0mProperty '_update' does not exist on type 'unknown'.

[7m12[0m         const old = message._update(data);
[7m  [0m [91m                            ~~~~~~~[0m

[96msrc/client/actions/PresenceUpdate.ts[0m:[93m9[0m:[93m75[0m - [91merror[0m[90m TS2339: [0mProperty 'includes' does not exist on type 'unknown'.

[7m9[0m     if (!user && ('username' in data.user || this.client.options.partials.includes(PartialTypes.USER))) {
[7m [0m [91m                                                                          ~~~~~~~~[0m

[96msrc/client/actions/PresenceUpdate.ts[0m:[93m23[0m:[93m37[0m - [91merror[0m[90m TS2345: [0mArgument of type '{ user: User; deaf: boolean; mute: boolean; }' is not assignable to parameter of type 'RawGuildMemberData'.
  Property 'id' is missing in type '{ user: User; deaf: boolean; mute: boolean; }' but required in type '{ id: string; user: { id: string; }; }'.

[7m 23[0m         member = guild.members._add({
[7m   [0m [91m                                    ~[0m
[7m 24[0m           user,
[7m   [0m [91m~~~~~~~~~~~~~~~[0m
[7m...[0m 
[7m 26[0m           mute: false,
[7m   [0m [91m~~~~~~~~~~~~~~~~~~~~~~[0m
[7m 27[0m         });
[7m   [0m [91m~~~~~~~~~[0m

  [96msrc/managers/GuildMemberManager.ts[0m:[93m26[0m:[93m29[0m
    [7m26[0m type RawGuildMemberData = { id: Snowflake; user: { id: Snowflake } } & Record<string, unknown>;
    [7m  [0m [96m                            ~~[0m
    'id' is declared here.

[96msrc/client/actions/ThreadCreate.ts[0m:[93m8[0m:[93m36[0m - [91merror[0m[90m TS2554: [0mExpected 2-3 arguments, but got 1.

[7m8[0m     const thread = client.channels._add(data);
[7m [0m [91m                                   ~~~~[0m

  [96msrc/managers/ChannelManager.ts[0m:[93m43[0m:[93m5[0m
    [7m43[0m     guild: Guild | null,
    [7m  [0m [96m    ~~~~~~~~~~~~~~~~~~~[0m
    An argument for 'guild' was not provided.

[96msrc/client/actions/ThreadListSync.ts[0m:[93m24[0m:[93m38[0m - [91merror[0m[90m TS2554: [0mExpected 2-3 arguments, but got 1.

[7m24[0m       const thread = client.channels._add(rawThread);
[7m  [0m [91m                                     ~~~~[0m

  [96msrc/managers/ChannelManager.ts[0m:[93m43[0m:[93m5[0m
    [7m43[0m     guild: Guild | null,
    [7m  [0m [96m    ~~~~~~~~~~~~~~~~~~~[0m
    An argument for 'guild' was not provided.

[96msrc/client/actions/ThreadListSync.ts[0m:[93m30[0m:[93m58[0m - [91merror[0m[90m TS2339: [0mProperty 'id' does not exist on type 'unknown'.

[7m30[0m       const thread = client.channels.cache.get(rawMember.id);
[7m  [0m [91m                                                         ~~[0m

[96msrc/client/actions/ThreadListSync.ts[0m:[93m32[0m:[93m16[0m - [91merror[0m[90m TS2339: [0mProperty 'members' does not exist on type 'Channel'.

[7m32[0m         thread.members._add(rawMember);
[7m  [0m [91m               ~~~~~~~[0m

[96msrc/client/actions/ThreadMemberUpdate.ts[0m:[93m10[0m:[93m29[0m - [91merror[0m[90m TS2339: [0mProperty 'members' does not exist on type 'Channel'.

[7m10[0m       const member = thread.members.cache.get(data.user_id);
[7m  [0m [91m                            ~~~~~~~[0m

[96msrc/client/actions/ThreadMemberUpdate.ts[0m:[93m12[0m:[93m34[0m - [91merror[0m[90m TS2339: [0mProperty 'members' does not exist on type 'Channel'.

[7m12[0m         const newMember = thread.members._add(data);
[7m  [0m [91m                                 ~~~~~~~[0m

[96msrc/client/actions/ThreadMembersUpdate.ts[0m:[93m9[0m:[93m26[0m - [91merror[0m[90m TS2339: [0mProperty 'members' does not exist on type 'Channel'.

[7m9[0m       const old = thread.members.cache.clone();
[7m [0m [91m                         ~~~~~~~[0m

[96msrc/client/actions/ThreadMembersUpdate.ts[0m:[93m10[0m:[93m14[0m - [91merror[0m[90m TS2339: [0mProperty 'memberCount' does not exist on type 'Channel'.

[7m10[0m       thread.memberCount = data.member_count;
[7m  [0m [91m             ~~~~~~~~~~~[0m

[96msrc/client/actions/ThreadMembersUpdate.ts[0m:[93m13[0m:[93m16[0m - [91merror[0m[90m TS2339: [0mProperty 'members' does not exist on type 'Channel'.

[7m13[0m         thread.members._add(rawMember);
[7m  [0m [91m               ~~~~~~~[0m

[96msrc/client/actions/ThreadMembersUpdate.ts[0m:[93m17[0m:[93m16[0m - [91merror[0m[90m TS2339: [0mProperty 'members' does not exist on type 'Channel'.

[7m17[0m         thread.members.cache.delete(memberId);
[7m  [0m [91m               ~~~~~~~[0m

[96msrc/client/actions/ThreadMembersUpdate.ts[0m:[93m26[0m:[93m61[0m - [91merror[0m[90m TS2339: [0mProperty 'members' does not exist on type 'Channel'.

[7m26[0m       client.emit(Events.THREAD_MEMBERS_UPDATE, old, thread.members.cache);
[7m  [0m [91m                                                            ~~~~~~~[0m

[96msrc/client/actions/UserUpdate.ts[0m:[93m9[0m:[93m29[0m - [91merror[0m[90m TS2339: [0mProperty '_update' does not exist on type 'ClientUserLike | User'.
  Property '_update' does not exist on type 'ClientUserLike'.

[7m9[0m     const oldUser = newUser._update(data);
[7m [0m [91m                            ~~~~~~~[0m

[96msrc/client/voice/VoiceConnection.ts[0m:[93m612[0m:[93m29[0m - [91merror[0m[90m TS2345: [0mArgument of type '{ userId: string; speaking: number; hasVideo?: boolean; }' is not assignable to parameter of type '{ userId: string; speaking: number | boolean; hasVideo: boolean; }'.
  Property 'hasVideo' is optional in type '{ userId: string; speaking: number; hasVideo?: boolean; }' but required in type '{ userId: string; speaking: number | boolean; hasVideo: boolean; }'.

[7m612[0m     this.ssrcMap.set(+ssrc, {
[7m   [0m [91m                            ~[0m
[7m613[0m       ...(this.ssrcMap.get(+ssrc) || {}),
[7m   [0m [91m~~~~~~~~~~~~~~~~~~~~~~~~~~~~~~~~~~~~~~~~~[0m
[7m...[0m 
[7m615[0m       speaking: speaking,
[7m   [0m [91m~~~~~~~~~~~~~~~~~~~~~~~~~[0m
[7m616[0m     });
[7m   [0m [91m~~~~~[0m

[96msrc/client/voice/VoiceConnection.ts[0m:[93m620[0m:[93m35[0m - [91merror[0m[90m TS2345: [0mArgument of type '{ userId: string; hasVideo: boolean; speaking?: number | boolean; }' is not assignable to parameter of type '{ userId: string; speaking: number | boolean; hasVideo: boolean; }'.
  Property 'speaking' is optional in type '{ userId: string; hasVideo: boolean; speaking?: number | boolean; }' but required in type '{ userId: string; speaking: number | boolean; hasVideo: boolean; }'.

[7m620[0m     this.ssrcMap.set(+audio_ssrc, {
[7m   [0m [91m                                  ~[0m
[7m621[0m       ...(this.ssrcMap.get(+audio_ssrc) || {}),
[7m   [0m [91m~~~~~~~~~~~~~~~~~~~~~~~~~~~~~~~~~~~~~~~~~~~~~~~[0m
[7m...[0m 
[7m623[0m       hasVideo: Boolean(video_ssrc), // Maybe ?
[7m   [0m [91m~~~~~~~~~~~~~~~~~~~~~~~~~~~~~~~~~~~~~~~~~~~~~~~[0m
[7m624[0m     });
[7m   [0m [91m~~~~~[0m

[96msrc/client/voice/VoiceConnection.ts[0m:[93m651[0m:[93m5[0m - [91merror[0m[90m TS2322: [0mType 'Readonly<BitField<"SPEAKING" | "SOUNDSHARE" | "PRIORITY_SPEAKING", number>>' is not assignable to type 'number'.

[7m651[0m     speaking = new Speaking(speaking).freeze();
[7m   [0m [91m    ~~~~~~~~[0m

[96msrc/client/voice/VoiceConnection.ts[0m:[93m664[0m:[93m21[0m - [91merror[0m[90m TS2339: [0mProperty 'has' does not exist on type 'number'.

[7m664[0m       if (!speaking.has(Speaking.FLAGS.SPEAKING)) {
[7m   [0m [91m                    ~~~[0m

[96msrc/client/voice/VoiceConnection.ts[0m:[93m669[0m:[93m36[0m - [91merror[0m[90m TS2339: [0mProperty 'equals' does not exist on type 'number'.

[7m669[0m     if (guild && user && !speaking.equals(old)) {
[7m   [0m [91m                                   ~~~~~~[0m

[96msrc/client/voice/VoiceConnection.ts[0m:[93m678[0m:[93m33[0m - [91merror[0m[90m TS2339: [0mProperty 'GUILD_MEMBER_SPEAKING' does not exist on type '{ RATE_LIMIT: string; INVALID_REQUEST_WARNING: string; API_RESPONSE: string; API_REQUEST: string; CLIENT_READY: string; APPLICATION_COMMAND_CREATE: string; APPLICATION_COMMAND_DELETE: string; ... 89 more ...; VOICE_BROADCAST_UNSUBSCRIBE: string; }'.

[7m678[0m         this.client.emit(Events.GUILD_MEMBER_SPEAKING, member, speaking);
[7m   [0m [91m                                ~~~~~~~~~~~~~~~~~~~~~[0m

[96msrc/client/voice/VoiceConnection.ts[0m:[93m991[0m:[93m7[0m - [91merror[0m[90m TS2611: [0m'streamConnection' is defined as a property in class 'VoiceConnection', but is overridden here in 'StreamConnection' as an accessor.

[7m991[0m   get streamConnection(): this {
[7m   [0m [91m      ~~~~~~~~~~~~~~~~[0m

[96msrc/client/voice/VoiceConnection.ts[0m:[93m999[0m:[93m7[0m - [91merror[0m[90m TS2611: [0m'streamWatchConnection' is defined as a property in class 'VoiceConnection', but is overridden here in 'StreamConnection' as an accessor.

[7m999[0m   get streamWatchConnection(): Collection<string, StreamConnectionReadonly> {
[7m   [0m [91m      ~~~~~~~~~~~~~~~~~~~~~[0m

[96msrc/client/voice/VoiceConnection.ts[0m:[93m1189[0m:[93m7[0m - [91merror[0m[90m TS2611: [0m'streamConnection' is defined as a property in class 'VoiceConnection', but is overridden here in 'StreamConnectionReadonly' as an accessor.

[7m1189[0m   get streamConnection(): null {
[7m    [0m [91m      ~~~~~~~~~~~~~~~~[0m

[96msrc/client/voice/VoiceConnection.ts[0m:[93m1197[0m:[93m7[0m - [91merror[0m[90m TS2611: [0m'streamWatchConnection' is defined as a property in class 'VoiceConnection', but is overridden here in 'StreamConnectionReadonly' as an accessor.

[7m1197[0m   get streamWatchConnection(): Collection<string, StreamConnectionReadonly> {
[7m    [0m [91m      ~~~~~~~~~~~~~~~~~~~~~[0m

[96msrc/client/voice/dispatcher/AnnexBDispatcher.ts[0m:[93m31[0m:[93m3[0m - [91merror[0m[90m TS2416: [0mProperty '_codecCallback' in type 'AnnexBDispatcher' is not assignable to the same property in base type 'VideoDispatcher'.
  Type '(frame: Buffer<ArrayBufferLike>) => void' is not assignable to type '() => never'.
    Target signature provides too few arguments. Expected 1 or more, but got 0.

[7m31[0m   _codecCallback(frame: Buffer): void {
[7m  [0m [91m  ~~~~~~~~~~~~~~[0m

[96msrc/client/voice/dispatcher/AnnexBDispatcher.ts[0m:[93m56[0m:[93m20[0m - [91merror[0m[90m TS2339: [0mProperty 'makeFragmentationUnitHeader' does not exist on type 'AnnexBDispatcher'.

[7m56[0m               this.makeFragmentationUnitHeader(isFirstPacket, isFinalPacket, naluHeader),
[7m  [0m [91m                   ~~~~~~~~~~~~~~~~~~~~~~~~~~~[0m

[96msrc/client/voice/dispatcher/AudioDispatcher.ts[0m:[93m141[0m:[93m7[0m - [91merror[0m[90m TS2378: [0mA 'get' accessor must return a value.

[7m141[0m   get volumeDecibels() {}
[7m   [0m [91m      ~~~~~~~~~~~~~~[0m

[96msrc/client/voice/dispatcher/AudioDispatcher.ts[0m:[93m142[0m:[93m7[0m - [91merror[0m[90m TS2378: [0mA 'get' accessor must return a value.

[7m142[0m   get volumeLogarithmic() {}
[7m   [0m [91m      ~~~~~~~~~~~~~~~~~[0m

[96msrc/client/voice/dispatcher/BaseDispatcher.ts[0m:[93m134[0m:[93m12[0m - [91merror[0m[90m TS2339: [0mProperty '_codecCallback' does not exist on type 'BaseDispatcher'.

[7m134[0m       this._codecCallback(chunk);
[7m   [0m [91m           ~~~~~~~~~~~~~~[0m

[96msrc/client/voice/dispatcher/BaseDispatcher.ts[0m:[93m235[0m:[93m42[0m - [91merror[0m[90m TS2339: [0mProperty 'FRAME_LENGTH' does not exist on type 'BaseDispatcher'.

[7m235[0m     const next = (this.count + 1) * this.FRAME_LENGTH - (performance.now() - this.startTime - this._pausedTime);
[7m   [0m [91m                                         ~~~~~~~~~~~~[0m

[96msrc/client/voice/dispatcher/BaseDispatcher.ts[0m:[93m239[0m:[93m28[0m - [91merror[0m[90m TS2551: [0mProperty 'TIMESTAMP_INC' does not exist on type 'BaseDispatcher'. Did you mean 'timestamp'?

[7m239[0m     this.timestamp += this.TIMESTAMP_INC;
[7m   [0m [91m                           ~~~~~~~~~~~~~[0m

  [96msrc/client/voice/dispatcher/BaseDispatcher.ts[0m:[93m33[0m:[93m3[0m
    [7m33[0m   timestamp: number;
    [7m  [0m [96m  ~~~~~~~~~[0m
    'timestamp' is declared here.

[96msrc/client/voice/dispatcher/BaseDispatcher.ts[0m:[93m428[0m:[93m27[0m - [91merror[0m[90m TS2345: [0mArgument of type 'void' is not assignable to parameter of type 'number'.

[7m428[0m         this._setSpeaking(this._setSpeaking(0));
[7m   [0m [91m                          ~~~~~~~~~~~~~~~~~~~~[0m

[96msrc/client/voice/dispatcher/VPxDispatcher.ts[0m:[93m42[0m:[93m3[0m - [91merror[0m[90m TS2416: [0mProperty '_codecCallback' in type 'VP8Dispatcher' is not assignable to the same property in base type 'VideoDispatcher'.
  Type '(chunk: Buffer<ArrayBufferLike>) => void' is not assignable to type '() => never'.
    Target signature provides too few arguments. Expected 1 or more, but got 0.

[7m42[0m   _codecCallback(chunk: Buffer): void {
[7m  [0m [91m  ~~~~~~~~~~~~~~[0m

[96msrc/client/voice/networking/VoiceUDPClient.ts[0m:[93m118[0m:[93m18[0m - [91merror[0m[90m TS2339: [0mProperty 'error' does not exist on type '{ address: string; port: number; } | { error: unknown; }'.
  Property 'error' does not exist on type '{ address: string; port: number; }'.

[7m118[0m       if (packet.error) {
[7m   [0m [91m                 ~~~~~[0m

[96msrc/client/voice/networking/VoiceUDPClient.ts[0m:[93m119[0m:[93m51[0m - [91merror[0m[90m TS2339: [0mProperty 'error' does not exist on type '{ address: string; port: number; } | { error: unknown; }'.
  Property 'error' does not exist on type '{ address: string; port: number; }'.

[7m119[0m         this.emit('debug', `[UDP] ERROR: ${packet.error}`);
[7m   [0m [91m                                                  ~~~~~[0m

[96msrc/client/voice/networking/VoiceUDPClient.ts[0m:[93m120[0m:[93m35[0m - [91merror[0m[90m TS2339: [0mProperty 'error' does not exist on type '{ address: string; port: number; } | { error: unknown; }'.
  Property 'error' does not exist on type '{ address: string; port: number; }'.

[7m120[0m         this.emit('error', packet.error);
[7m   [0m [91m                                  ~~~~~[0m

[96msrc/client/voice/networking/VoiceUDPClient.ts[0m:[93m124[0m:[93m62[0m - [91merror[0m[90m TS2339: [0mProperty 'address' does not exist on type '{ address: string; port: number; } | { error: unknown; }'.
  Property 'address' does not exist on type '{ error: unknown; }'.

[7m124[0m       this.emit('debug', `[UDP] Parse local packet: ${packet.address}:${packet.port}`);
[7m   [0m [91m                                                             ~~~~~~~[0m

[96msrc/client/voice/networking/VoiceUDPClient.ts[0m:[93m124[0m:[93m80[0m - [91merror[0m[90m TS2339: [0mProperty 'port' does not exist on type '{ address: string; port: number; } | { error: unknown; }'.
  Property 'port' does not exist on type '{ error: unknown; }'.

[7m124[0m       this.emit('debug', `[UDP] Parse local packet: ${packet.address}:${packet.port}`);
[7m   [0m [91m                                                                               ~~~~[0m

[96msrc/client/voice/networking/VoiceUDPClient.ts[0m:[93m126[0m:[93m34[0m - [91merror[0m[90m TS2339: [0mProperty 'address' does not exist on type '{ address: string; port: number; } | { error: unknown; }'.
  Property 'address' does not exist on type '{ error: unknown; }'.

[7m126[0m       this.localAddress = packet.address;
[7m   [0m [91m                                 ~~~~~~~[0m

[96msrc/client/voice/networking/VoiceUDPClient.ts[0m:[93m127[0m:[93m31[0m - [91merror[0m[90m TS2339: [0mProperty 'port' does not exist on type '{ address: string; port: number; } | { error: unknown; }'.
  Property 'port' does not exist on type '{ error: unknown; }'.

[7m127[0m       this.localPort = packet.port;
[7m   [0m [91m                              ~~~~[0m

[96msrc/client/voice/networking/VoiceUDPClient.ts[0m:[93m135[0m:[93m29[0m - [91merror[0m[90m TS2339: [0mProperty 'address' does not exist on type '{ address: string; port: number; } | { error: unknown; }'.
  Property 'address' does not exist on type '{ error: unknown; }'.

[7m135[0m             address: packet.address,
[7m   [0m [91m                            ~~~~~~~[0m

[96msrc/client/voice/networking/VoiceUDPClient.ts[0m:[93m136[0m:[93m26[0m - [91merror[0m[90m TS2339: [0mProperty 'port' does not exist on type '{ address: string; port: number; } | { error: unknown; }'.
  Property 'port' does not exist on type '{ error: unknown; }'.

[7m136[0m             port: packet.port,
[7m   [0m [91m                         ~~~~[0m

[96msrc/client/voice/networking/VoiceWebSocket.ts[0m:[93m3[0m:[93m8[0m - [91merror[0m[90m TS2613: [0mModule '"/tmp/discord.js-selfbot-v13/src/WebSocket"' has no default export. Did you mean to use 'import { WebSocket } from "/tmp/discord.js-selfbot-v13/src/WebSocket"' instead?

[7m3[0m import WebSocket from '../../../WebSocket';
[7m [0m [91m       ~~~~~~~~~[0m

[96msrc/client/voice/networking/VoiceWebSocket.ts[0m:[93m115[0m:[93m5[0m - [91merror[0m[90m TS2322: [0mType 'string' is not assignable to type 'Record<string, any>'.

[7m115[0m     packet = JSON.stringify(packet);
[7m   [0m [91m    ~~~~~~[0m

[96msrc/client/voice/networking/VoiceWebSocket.ts[0m:[93m116[0m:[93m22[0m - [91merror[0m[90m TS2345: [0mArgument of type 'Record<string, any>' is not assignable to parameter of type 'string'.

[7m116[0m     return this.send(packet);
[7m   [0m [91m                     ~~~~~~[0m

[96msrc/client/voice/networking/VoiceWebSocket.ts[0m:[93m200[0m:[93m25[0m - [91merror[0m[90m TS2551: [0mProperty 'CLIENT_CONNECT' does not exist on type '{ IDENTIFY: number; SELECT_PROTOCOL: number; READY: number; HEARTBEAT: number; SESSION_DESCRIPTION: number; SPEAKING: number; HEARTBEAT_ACK: number; RESUME: number; HELLO: number; RESUMED: number; ... 5 more ...; CHANNEL_OPTIONS_UPDATE: number; }'. Did you mean 'CLIENT_DISCONNECT'?

[7m200[0m       case VoiceOpcodes.CLIENT_CONNECT:
[7m   [0m [91m                        ~~~~~~~~~~~~~~[0m

  [96msrc/util/Constants.ts[0m:[93m281[0m:[93m3[0m
    [7m281[0m   CLIENT_DISCONNECT: 13,
    [7m   [0m [96m  ~~~~~~~~~~~~~~~~~~~~~[0m
    'CLIENT_DISCONNECT' is declared here.

[96msrc/client/voice/player/processing/AnnexBNalSplitter.ts[0m:[93m193[0m:[93m34[0m - [91merror[0m[90m TS2339: [0mProperty 'removeEpbs' does not exist on type 'AnnexBNalSplitter'.

[7m193[0m       this._accessUnit.push(this.removeEpbs(frame, unitType));
[7m   [0m [91m                                 ~~~~~~~~~~[0m

[96msrc/client/websocket/WebSocketManager.ts[0m:[93m56[0m:[93m51[0m - [91merror[0m[90m TS2339: [0mProperty 'length' does not exist on type 'unknown'.

[7m56[0m     this.totalShards = this.client.options.shards.length;
[7m  [0m [91m                                                  ~~~~~~[0m

[96msrc/client/websocket/WebSocketManager.ts[0m:[93m102[0m:[93m31[0m - [91merror[0m[90m TS2339: [0mProperty 'length' does not exist on type 'unknown'.

[7m102[0m     this.totalShards = shards.length;
[7m   [0m [91m                              ~~~~~~[0m

[96msrc/client/websocket/WebSocketManager.ts[0m:[93m103[0m:[93m43[0m - [91merror[0m[90m TS2339: [0mProperty 'join' does not exist on type 'unknown'.

[7m103[0m     this.debug(`Spawning shards: ${shards.join(', ')}`);
[7m   [0m [91m                                          ~~~~[0m

[96msrc/client/websocket/WebSocketManager.ts[0m:[93m104[0m:[93m38[0m - [91merror[0m[90m TS2339: [0mProperty 'map' does not exist on type 'unknown'.

[7m104[0m     this.shardQueue = new Set(shards.map((id: number) => new WebSocketShard(this, id)));
[7m   [0m [91m                                     ~~~[0m

[96msrc/client/websocket/WebSocketManager.ts[0m:[93m234[0m:[93m55[0m - [91merror[0m[90m TS2345: [0mArgument of type 'GatewayPacket' is not assignable to parameter of type 'import("/tmp/discord.js-selfbot-v13/src/client/websocket/handlers/types").GatewayPacket'.
  Property 'd' is optional in type 'GatewayPacket' but required in type 'GatewayPacket'.

[7m234[0m       PacketHandlers[packet.t as string](this.client, packet, shard as WebSocketShard);
[7m   [0m [91m                                                      ~~~~~~[0m

[96msrc/client/websocket/WebSocketShard.ts[0m:[93m21[0m:[93m18[0m - [91merror[0m[90m TS2749: [0m'Status' refers to a value, but is being used as a type here. Did you mean 'typeof Status'?

[7m21[0m   public status: Status;
[7m  [0m [91m                 ~~~~~~[0m

[96msrc/client/websocket/WebSocketShard.ts[0m:[93m245[0m:[93m9[0m - [91merror[0m[90m TS2794: [0mExpected 1 arguments, but got 0. Did you forget to include 'void' in your type argument to 'Promise'?

[7m245[0m         resolve();
[7m   [0m [91m        ~~~~~~~[0m

  [96mnode_modules/typescript/lib/lib.es2015.promise.d.ts[0m:[93m31[0m:[93m34[0m
    [7m31[0m     new <T>(executor: (resolve: (value: T | PromiseLike<T>) => void, reject: (reason?: any) => void) => void): Promise<T>;
    [7m  [0m [96m                                 ~~~~~~~~~~~~~~~~~~~~~~~~~[0m
    An argument for 'value' was not provided.

[96msrc/client/websocket/WebSocketShard.ts[0m:[93m250[0m:[93m9[0m - [91merror[0m[90m TS2794: [0mExpected 1 arguments, but got 0. Did you forget to include 'void' in your type argument to 'Promise'?

[7m250[0m         resolve();
[7m   [0m [91m        ~~~~~~~[0m

  [96mnode_modules/typescript/lib/lib.es2015.promise.d.ts[0m:[93m31[0m:[93m34[0m
    [7m31[0m     new <T>(executor: (resolve: (value: T | PromiseLike<T>) => void, reject: (reason?: any) => void) => void): Promise<T>;
    [7m  [0m [96m                                 ~~~~~~~~~~~~~~~~~~~~~~~~~[0m
    An argument for 'value' was not provided.

[96msrc/client/websocket/WebSocketShard.ts[0m:[93m290[0m:[93m17[0m - [91merror[0m[90m TS2339: [0mProperty 'compress' does not exist on type '{ v: unknown; }'.

[7m290[0m         wsQuery.compress = 'zlib-stream';
[7m   [0m [91m                ~~~~~~~~[0m

[96msrc/client/websocket/WebSocketShard.ts[0m:[93m299[0m:[93m25[0m - [91merror[0m[90m TS2339: [0mProperty 'verifyProxyAgent' does not exist on type 'typeof import("/tmp/discord.js-selfbot-v13/src/util/Util")'.

[7m299[0m     Agent      : ${Util.verifyProxyAgent(client.options.ws.agent)}`,
[7m   [0m [91m                        ~~~~~~~~~~~~~~~~[0m

[96msrc/client/websocket/WebSocketShard.ts[0m:[93m303[0m:[93m12[0m - [91merror[0m[90m TS2554: [0mExpected 1 arguments, but got 0.

[7m303[0m       this.setHelloTimeout();
[7m   [0m [91m           ~~~~~~~~~~~~~~~[0m

  [96msrc/client/websocket/WebSocketShard.ts[0m:[93m588[0m:[93m19[0m
    [7m588[0m   setHelloTimeout(time) {
    [7m   [0m [96m                  ~~~~[0m
    An argument for 'time' was not provided.

[96msrc/client/websocket/WebSocketShard.ts[0m:[93m308[0m:[93m63[0m - [91merror[0m[90m TS2345: [0mArgument of type '{ v: unknown; }' is not assignable to parameter of type 'Record<string, string | number>'.
  Property 'v' is incompatible with index signature.
    Type 'unknown' is not assignable to type 'string | number'.

[7m308[0m       const ws = (this.connection = WebSocket.create(gateway, wsQuery, {
[7m   [0m [91m                                                              ~~~~~~~[0m

[96msrc/client/websocket/WebSocketShard.ts[0m:[93m310[0m:[93m21[0m - [91merror[0m[90m TS2339: [0mProperty 'verifyProxyAgent' does not exist on type 'typeof import("/tmp/discord.js-selfbot-v13/src/util/Util")'.

[7m310[0m         agent: Util.verifyProxyAgent(client.options.ws.agent) ? client.options.ws.agent : undefined,
[7m   [0m [91m                    ~~~~~~~~~~~~~~~~[0m

[96msrc/client/websocket/WebSocketShard.ts[0m:[93m556[0m:[93m41[0m - [91merror[0m[90m TS2345: [0mArgument of type 'unknown' is not assignable to parameter of type 'BitFieldResolvable<"GUILDS" | "GUILD_MEMBERS" | "GUILD_BANS" | "GUILD_EMOJIS_AND_STICKERS" | "GUILD_INTEGRATIONS" | "GUILD_WEBHOOKS" | "GUILD_INVITES" | "GUILD_VOICE_STATES" | "GUILD_PRESENCES" | ... 9 more ... | "AUTO_MODERATION_EXECUTION", number>'.

[7m556[0m     const hasGuildsIntent = new Intents(this.manager.client.options.intents).has(Intents.FLAGS.GUILDS);
[7m   [0m [91m                                        ~~~~~~~~~~~~~~~~~~~~~~~~~~~~~~~~~~~[0m

[96msrc/client/websocket/WebSocketShard.ts[0m:[93m579[0m:[93m7[0m - [91merror[0m[90m TS2769: [0mNo overload matches this call.
  Overload 1 of 2, '(callback: () => void, delay?: number): Timeout', gave the following error.
    Argument of type 'unknown' is not assignable to parameter of type 'number'.
  Overload 2 of 2, '(callback: (_: void) => void, delay?: number): Timeout', gave the following error.
    Argument of type 'unknown' is not assignable to parameter of type 'number'.

[7m579[0m       hasGuildsIntent ? waitGuildTimeout : 0,
[7m   [0m [91m      ~~~~~~~~~~~~~~~~~~~~~~~~~~~~~~~~~~~~~~[0m


[96msrc/client/websocket/WebSocketShard.ts[0m:[93m742[0m:[93m14[0m - [91merror[0m[90m TS2339: [0mProperty 'version' does not exist on type '{ token: string; presence?: unknown; }'.

[7m742[0m     delete d.version;
[7m   [0m [91m             ~~~~~~~[0m

[96msrc/client/websocket/WebSocketShard.ts[0m:[93m743[0m:[93m14[0m - [91merror[0m[90m TS2339: [0mProperty 'agent' does not exist on type '{ token: string; presence?: unknown; }'.

[7m743[0m     delete d.agent;
[7m   [0m [91m             ~~~~~[0m

[96msrc/client/websocket/handlers/APPLICATION_COMMAND_CREATE.ts[0m:[93m5[0m:[93m139[0m - [91merror[0m[90m TS2339: [0mProperty 'commands' does not exist on type 'Guild'.

[7m5[0m const handler: GatewayHandler = (client, { d: data }) => { const commandManager = data.guild_id ? client.guilds.cache.get(data.guild_id)?.commands : client.application.commands;
[7m [0m [91m                                                                                                                                          ~~~~~~~~[0m

[96msrc/client/websocket/handlers/APPLICATION_COMMAND_DELETE.ts[0m:[93m5[0m:[93m139[0m - [91merror[0m[90m TS2339: [0mProperty 'commands' does not exist on type 'Guild'.

[7m5[0m const handler: GatewayHandler = (client, { d: data }) => { const commandManager = data.guild_id ? client.guilds.cache.get(data.guild_id)?.commands : client.application.commands;
[7m [0m [91m                                                                                                                                          ~~~~~~~~[0m

[96msrc/client/websocket/handlers/APPLICATION_COMMAND_UPDATE.ts[0m:[93m5[0m:[93m139[0m - [91merror[0m[90m TS2339: [0mProperty 'commands' does not exist on type 'Guild'.

[7m5[0m const handler: GatewayHandler = (client, { d: data }) => { const commandManager = data.guild_id ? client.guilds.cache.get(data.guild_id)?.commands : client.application.commands;
[7m [0m [91m                                                                                                                                          ~~~~~~~~[0m

[96msrc/client/websocket/handlers/CHANNEL_PINS_UPDATE.ts[0m:[93m10[0m:[93m11[0m - [91merror[0m[90m TS2339: [0mProperty 'lastPinTimestamp' does not exist on type 'Channel'.

[7m10[0m   channel.lastPinTimestamp = time;
[7m  [0m [91m          ~~~~~~~~~~~~~~~~[0m

[96msrc/client/websocket/handlers/CHANNEL_RECIPIENT_ADD.ts[0m:[93m5[0m:[93m16[0m - [91merror[0m[90m TS2339: [0mProperty '_recipients' does not exist on type 'Channel'.

[7m5[0m   if (!channel._recipients) channel._recipients = [];
[7m [0m [91m               ~~~~~~~~~~~[0m

[96msrc/client/websocket/handlers/CHANNEL_RECIPIENT_ADD.ts[0m:[93m5[0m:[93m37[0m - [91merror[0m[90m TS2339: [0mProperty '_recipients' does not exist on type 'Channel'.

[7m5[0m   if (!channel._recipients) channel._recipients = [];
[7m [0m [91m                                    ~~~~~~~~~~~[0m

[96msrc/client/websocket/handlers/CHANNEL_RECIPIENT_ADD.ts[0m:[93m6[0m:[93m11[0m - [91merror[0m[90m TS2339: [0mProperty '_recipients' does not exist on type 'Channel'.

[7m6[0m   channel._recipients.push(packet.d.user);
[7m [0m [91m          ~~~~~~~~~~~[0m

[96msrc/client/websocket/handlers/CHANNEL_RECIPIENT_REMOVE.ts[0m:[93m5[0m:[93m16[0m - [91merror[0m[90m TS2339: [0mProperty '_recipients' does not exist on type 'Channel'.

[7m5[0m   if (!channel._recipients) channel._recipients = [];
[7m [0m [91m               ~~~~~~~~~~~[0m

[96msrc/client/websocket/handlers/CHANNEL_RECIPIENT_REMOVE.ts[0m:[93m5[0m:[93m37[0m - [91merror[0m[90m TS2339: [0mProperty '_recipients' does not exist on type 'Channel'.

[7m5[0m   if (!channel._recipients) channel._recipients = [];
[7m [0m [91m                                    ~~~~~~~~~~~[0m

[96msrc/client/websocket/handlers/CHANNEL_RECIPIENT_REMOVE.ts[0m:[93m6[0m:[93m11[0m - [91merror[0m[90m TS2339: [0mProperty '_recipients' does not exist on type 'Channel'.

[7m6[0m   channel._recipients = channel._recipients.filter(u => u.id !== packet.d.user.id);
[7m [0m [91m          ~~~~~~~~~~~[0m

[96msrc/client/websocket/handlers/CHANNEL_RECIPIENT_REMOVE.ts[0m:[93m6[0m:[93m33[0m - [91merror[0m[90m TS2339: [0mProperty '_recipients' does not exist on type 'Channel'.

[7m6[0m   channel._recipients = channel._recipients.filter(u => u.id !== packet.d.user.id);
[7m [0m [91m                                ~~~~~~~~~~~[0m

[96msrc/client/websocket/handlers/READY.ts[0m:[93m12[0m:[93m17[0m - [91merror[0m[90m TS2339: [0mProperty '_patch' does not exist on type 'ClientUserLike'.

[7m12[0m     client.user._patch(data.user);
[7m  [0m [91m                ~~~~~~[0m

[96msrc/client/websocket/handlers/READY.ts[0m:[93m15[0m:[93m44[0m - [91merror[0m[90m TS2345: [0mArgument of type 'ClientUserLike' is not assignable to parameter of type 'User'.
  Type 'ClientUserLike' is missing the following properties from type 'User': bot, system, flags, username, and 42 more.

[7m15[0m     client.users.cache.set(client.user.id, client.user);
[7m  [0m [91m                                           ~~~~~~~~~~~[0m

[96msrc/client/websocket/handlers/READY.ts[0m:[93m19[0m:[93m21[0m - [91merror[0m[90m TS2554: [0mExpected 2-3 arguments, but got 1.

[7m19[0m     client.channels._add(private_channel);
[7m  [0m [91m                    ~~~~[0m

  [96msrc/managers/ChannelManager.ts[0m:[93m43[0m:[93m5[0m
    [7m43[0m     guild: Guild | null,
    [7m  [0m [96m    ~~~~~~~~~~~~~~~~~~~[0m
    An argument for 'guild' was not provided.

[96msrc/client/websocket/handlers/READY.ts[0m:[93m101[0m:[93m11[0m - [91merror[0m[90m TS2365: [0mOperator '<' cannot be applied to types 'unknown' and 'number'.

[7m101[0m       if (client.options.DMChannelVoiceStatusSync < 1) return;
[7m   [0m [91m          ~~~~~~~~~~~~~~~~~~~~~~~~~~~~~~~~~~~~~~~~~~~[0m

[96msrc/client/websocket/handlers/READY.ts[0m:[93m108[0m:[93m26[0m - [91merror[0m[90m TS2362: [0mThe left-hand side of an arithmetic operation must be of type 'any', 'number', 'bigint' or an enum type.

[7m108[0m       await client.sleep(client.options.DMChannelVoiceStatusSync * index);
[7m   [0m [91m                         ~~~~~~~~~~~~~~~~~~~~~~~~~~~~~~~~~~~~~~~[0m

[96msrc/client/websocket/handlers/VOICE_CHANNEL_STATUS_UPDATE.ts[0m:[93m8[0m:[93m11[0m - [91merror[0m[90m TS2339: [0mProperty 'status' does not exist on type 'Channel'.

[7m8[0m   channel.status = data.status;
[7m [0m [91m          ~~~~~~[0m

[96msrc/errors/DJSError.ts[0m:[93m26[0m:[93m16[0m - [91merror[0m[90m TS2415: [0mClass 'DiscordjsError' incorrectly extends base class 'T'.
  'DiscordjsError' is assignable to the constraint of type 'T', but 'T' could be instantiated with a different subtype of constraint 'Error'.

[7m26[0m   return class DiscordjsError extends Base {
[7m  [0m [91m               ~~~~~~~~~~~~~~[0m

[96msrc/errors/DJSError.ts[0m:[93m32[0m:[93m17[0m - [91merror[0m[90m TS2339: [0mProperty 'captureStackTrace' does not exist on type 'DiscordjsErrorConstructor<Error>'.

[7m32[0m       if (Error.captureStackTrace) Error.captureStackTrace(this, DiscordjsError);
[7m  [0m [91m                ~~~~~~~~~~~~~~~~~[0m

[96msrc/errors/DJSError.ts[0m:[93m32[0m:[93m42[0m - [91merror[0m[90m TS2339: [0mProperty 'captureStackTrace' does not exist on type 'DiscordjsErrorConstructor<Error>'.

[7m32[0m       if (Error.captureStackTrace) Error.captureStackTrace(this, DiscordjsError);
[7m  [0m [91m                                         ~~~~~~~~~~~~~~~~~[0m

[96msrc/errors/Messages.ts[0m:[93m174[0m:[93m109[0m - [91merror[0m[90m TS2339: [0mProperty 'join' does not exist on type 'unknown'.

[7m174[0m   INVALID_COMMAND_NAME: allCMD => `Could not parse subGroupCommand and subCommand due to too long: ${allCMD.join(' ')}`,
[7m   [0m [91m                                                                                                            ~~~~[0m

[96msrc/errors/Messages.ts[0m:[93m207[0m:[93m77[0m - [91merror[0m[90m TS2339: [0mProperty 'join' does not exist on type 'unknown'.

[7m207[0m   INVALID_VIDEO_CODEC: codecs => `Only these codecs are supported: ${codecs.join(', ')}`,
[7m   [0m [91m                                                                            ~~~~[0m

[96msrc/index.ts[0m:[93m19[0m:[93m10[0m - [91merror[0m[90m TS2305: [0mModule '"./util/Constants"' has no exported member 'default'.

[7m19[0m export { default as Constants } from './util/Constants';
[7m  [0m [91m         ~~~~~~~[0m

[96msrc/index.ts[0m:[93m100[0m:[93m10[0m - [91merror[0m[90m TS2614: [0mModule '"./structures/GuildAuditLogs"' has no exported member 'Entry'. Did you mean to use 'import Entry from "./structures/GuildAuditLogs"' instead?

[7m100[0m export { Entry as GuildAuditLogsEntry } from './structures/GuildAuditLogs';
[7m   [0m [91m         ~~~~~[0m

[96msrc/index.ts[0m:[93m159[0m:[93m10[0m - [91merror[0m[90m TS2305: [0mModule '"./WebSocket"' has no exported member 'default'.

[7m159[0m export { default as WebSocket } from './WebSocket';
[7m   [0m [91m         ~~~~~~~[0m

[96msrc/rest/RESTManager.ts[0m:[93m32[0m:[93m5[0m - [91merror[0m[90m TS2322: [0mType 'unknown' is not assignable to type 'number'.

[7m32[0m     this.globalLimit = client.options.restGlobalRateLimit > 0 ? client.options.restGlobalRateLimit : Infinity;
[7m  [0m [91m    ~~~~~~~~~~~~~~~~[0m

[96msrc/rest/RESTManager.ts[0m:[93m32[0m:[93m24[0m - [91merror[0m[90m TS2365: [0mOperator '>' cannot be applied to types 'unknown' and 'number'.

[7m32[0m     this.globalLimit = client.options.restGlobalRateLimit > 0 ? client.options.restGlobalRateLimit : Infinity;
[7m  [0m [91m                       ~~~~~~~~~~~~~~~~~~~~~~~~~~~~~~~~~~~~~~[0m

[96msrc/rest/RESTManager.ts[0m:[93m39[0m:[93m9[0m - [91merror[0m[90m TS2365: [0mOperator '>' cannot be applied to types 'unknown' and 'number'.

[7m39[0m     if (client.options.restSweepInterval > 0) {
[7m  [0m [91m        ~~~~~~~~~~~~~~~~~~~~~~~~~~~~~~~~~~~~[0m

[96msrc/rest/RESTManager.ts[0m:[93m42[0m:[93m10[0m - [91merror[0m[90m TS2362: [0mThe left-hand side of an arithmetic operation must be of type 'any', 'number', 'bigint' or an enum type.

[7m42[0m       }, client.options.restSweepInterval * 1_000).unref();
[7m  [0m [91m         ~~~~~~~~~~~~~~~~~~~~~~~~~~~~~~~~[0m

[96msrc/rest/RESTManager.ts[0m:[93m58[0m:[93m51[0m - [91merror[0m[90m TS2339: [0mProperty 'cdn' does not exist on type 'unknown'.

[7m58[0m     return Endpoints.CDN(this.client.options.http.cdn);
[7m  [0m [91m                                                  ~~~[0m

[96msrc/rest/RESTManager.ts[0m:[93m74[0m:[93m37[0m - [91merror[0m[90m TS2339: [0mProperty 'api' does not exist on type 'unknown'.

[7m74[0m     return this.client.options.http.api;
[7m  [0m [91m                                    ~~~[0m

[96msrc/rest/RESTManager.ts[0m:[93m78[0m:[93m30[0m - [91merror[0m[90m TS2339: [0mProperty 'api' does not exist on type 'unknown'.

[7m78[0m     this.client.options.http.api = endpoint;
[7m  [0m [91m                             ~~~[0m

[96msrc/rest/RequestHandler.ts[0m:[93m131[0m:[93m37[0m - [91merror[0m[90m TS2339: [0mProperty 'some' does not exist on type 'unknown'.

[7m131[0m         : options.rejectOnRateLimit.some(route => rateLimitData.route.startsWith(route.toLowerCase()));
[7m   [0m [91m                                    ~~~~[0m

[96msrc/rest/RequestHandler.ts[0m:[93m147[0m:[93m19[0m - [91merror[0m[90m TS2365: [0mOperator '+' cannot be applied to types 'number' and 'unknown'.

[7m147[0m         timeout = (this.manager.globalReset ?? Date.now()) + this.manager.client.options.restTimeOffset - Date.now();
[7m   [0m [91m                  ~~~~~~~~~~~~~~~~~~~~~~~~~~~~~~~~~~~~~~~~~~~~~~~~~~~~~~~~~~~~~~~~~~~~~~~~~~~~~~~~~~~~~[0m

[96msrc/rest/RequestHandler.ts[0m:[93m150[0m:[93m19[0m - [91merror[0m[90m TS2365: [0mOperator '+' cannot be applied to types 'number' and 'unknown'.

[7m150[0m         timeout = this.reset + this.manager.client.options.restTimeOffset - Date.now();
[7m   [0m [91m                  ~~~~~~~~~~~~~~~~~~~~~~~~~~~~~~~~~~~~~~~~~~~~~~~~~~~~~~~[0m

[96msrc/rest/RequestHandler.ts[0m:[93m252[0m:[93m9[0m - [91merror[0m[90m TS2365: [0mOperator '>' cannot be applied to types 'unknown' and 'number'.

[7m252[0m         this.manager.client.options.invalidRequestWarningInterval > 0 &&
[7m   [0m [91m        ~~~~~~~~~~~~~~~~~~~~~~~~~~~~~~~~~~~~~~~~~~~~~~~~~~~~~~~~~~~~~[0m

[96msrc/rest/RequestHandler.ts[0m:[93m253[0m:[93m24[0m - [91merror[0m[90m TS2363: [0mThe right-hand side of an arithmetic operation must be of type 'any', 'number', 'bigint' or an enum type.

[7m253[0m         invalidCount % this.manager.client.options.invalidRequestWarningInterval === 0;
[7m   [0m [91m                       ~~~~~~~~~~~~~~~~~~~~~~~~~~~~~~~~~~~~~~~~~~~~~~~~~~~~~~~~~[0m

[96msrc/rest/RequestHandler.ts[0m:[93m273[0m:[93m21[0m - [91merror[0m[90m TS2365: [0mOperator '+' cannot be applied to types 'number' and 'unknown'.

[7m273[0m           timeout = (this.manager.globalReset ?? Date.now()) + this.manager.client.options.restTimeOffset - Date.now();
[7m   [0m [91m                    ~~~~~~~~~~~~~~~~~~~~~~~~~~~~~~~~~~~~~~~~~~~~~~~~~~~~~~~~~~~~~~~~~~~~~~~~~~~~~~~~~~~~~[0m

[96msrc/rest/RequestHandler.ts[0m:[93m276[0m:[93m21[0m - [91merror[0m[90m TS2365: [0mOperator '+' cannot be applied to types 'number' and 'unknown'.

[7m276[0m           timeout = this.reset + this.manager.client.options.restTimeOffset - Date.now();
[7m   [0m [91m                    ~~~~~~~~~~~~~~~~~~~~~~~~~~~~~~~~~~~~~~~~~~~~~~~~~~~~~~~[0m

[96msrc/rest/RequestHandler.ts[0m:[93m306[0m:[93m11[0m - [91merror[0m[90m TS2365: [0mOperator '<' cannot be applied to types 'number' and 'unknown'.

[7m306[0m           request.retries < this.manager.client.options.captchaRetryLimit &&
[7m   [0m [91m          ~~~~~~~~~~~~~~~~~~~~~~~~~~~~~~~~~~~~~~~~~~~~~~~~~~~~~~~~~~~~~~~[0m

[96msrc/rest/RequestHandler.ts[0m:[93m311[0m:[93m92[0m - [91merror[0m[90m TS2339: [0mProperty 'join' does not exist on type 'unknown'.

[7m311[0m             `[Request Handler] Hit a captcha while executing a request (${data.captcha_key.join(', ')})
[7m   [0m [91m                                                                                           ~~~~[0m

[96msrc/rest/RequestHandler.ts[0m:[93m329[0m:[93m49[0m - [91merror[0m[90m TS2345: [0mArgument of type 'unknown' is not assignable to parameter of type 'string'.

[7m329[0m           return this.execute(request, captcha, data.captcha_rqtoken);
[7m   [0m [91m                                                ~~~~~~~~~~~~~~~~~~~~[0m

[96msrc/rest/RequestHandler.ts[0m:[93m338[0m:[93m45[0m - [91merror[0m[90m TS2339: [0mProperty 'authenticator' does not exist on type 'BaseClient'.

[7m338[0m             const otp = this.manager.client.authenticator.generate(this.manager.client.options.TOTPKey);
[7m   [0m [91m                                            ~~~~~~~~~~~~~[0m

[96msrc/sharding/Shard.ts[0m:[93m245[0m:[93m27[0m - [91merror[0m[90m TS2769: [0mNo overload matches this call.
  Overload 1 of 3, '(message: Serializable, callback?: (error: Error) => void): boolean', gave the following error.
    Argument of type 'unknown' is not assignable to parameter of type 'Serializable'.
  Overload 2 of 3, '(message: Serializable, sendHandle?: SendHandle, callback?: (error: Error) => void): boolean', gave the following error.
    Argument of type 'unknown' is not assignable to parameter of type 'Serializable'.
  Overload 3 of 3, '(message: Serializable, sendHandle?: SendHandle, options?: MessageOptions, callback?: (error: Error) => void): boolean', gave the following error.
    Argument of type 'unknown' is not assignable to parameter of type 'Serializable'.

[7m245[0m         this.process.send(message, err => {
[7m   [0m [91m                          ~~~~~~~[0m


[96msrc/sharding/ShardClientUtil.ts[0m:[93m136[0m:[93m36[0m - [91merror[0m[90m TS2345: [0mArgument of type 'Process | MessagePort' is not assignable to parameter of type 'EventEmitter<DefaultEventMap>'.
  Type 'MessagePort' is missing the following properties from type 'EventEmitter<DefaultEventMap>': listeners, rawListeners, prependListener, prependOnceListener

[7m136[0m         this.decrementMaxListeners(parent);
[7m   [0m [91m                                   ~~~~~~[0m

[96msrc/sharding/ShardClientUtil.ts[0m:[93m140[0m:[93m34[0m - [91merror[0m[90m TS2345: [0mArgument of type 'Process | MessagePort' is not assignable to parameter of type 'EventEmitter<DefaultEventMap>'.
  Type 'MessagePort' is missing the following properties from type 'EventEmitter<DefaultEventMap>': listeners, rawListeners, prependListener, prependOnceListener

[7m140[0m       this.incrementMaxListeners(parent);
[7m   [0m [91m                                 ~~~~~~[0m

[96msrc/sharding/ShardClientUtil.ts[0m:[93m145[0m:[93m36[0m - [91merror[0m[90m TS2345: [0mArgument of type 'Process | MessagePort' is not assignable to parameter of type 'EventEmitter<DefaultEventMap>'.
  Type 'MessagePort' is missing the following properties from type 'EventEmitter<DefaultEventMap>': listeners, rawListeners, prependListener, prependOnceListener

[7m145[0m         this.decrementMaxListeners(parent);
[7m   [0m [91m                                   ~~~~~~[0m

[96msrc/sharding/ShardClientUtil.ts[0m:[93m174[0m:[93m36[0m - [91merror[0m[90m TS2345: [0mArgument of type 'Process | MessagePort' is not assignable to parameter of type 'EventEmitter<DefaultEventMap>'.
  Type 'MessagePort' is missing the following properties from type 'EventEmitter<DefaultEventMap>': listeners, rawListeners, prependListener, prependOnceListener

[7m174[0m         this.decrementMaxListeners(parent);
[7m   [0m [91m                                   ~~~~~~[0m

[96msrc/sharding/ShardClientUtil.ts[0m:[93m178[0m:[93m34[0m - [91merror[0m[90m TS2345: [0mArgument of type 'Process | MessagePort' is not assignable to parameter of type 'EventEmitter<DefaultEventMap>'.
  Type 'MessagePort' is missing the following properties from type 'EventEmitter<DefaultEventMap>': listeners, rawListeners, prependListener, prependOnceListener

[7m178[0m       this.incrementMaxListeners(parent);
[7m   [0m [91m                                 ~~~~~~[0m

[96msrc/sharding/ShardClientUtil.ts[0m:[93m182[0m:[93m36[0m - [91merror[0m[90m TS2345: [0mArgument of type 'Process | MessagePort' is not assignable to parameter of type 'EventEmitter<DefaultEventMap>'.
  Type 'MessagePort' is missing the following properties from type 'EventEmitter<DefaultEventMap>': listeners, rawListeners, prependListener, prependOnceListener

[7m182[0m         this.decrementMaxListeners(parent);
[7m   [0m [91m                                   ~~~~~~[0m

[96msrc/sharding/ShardClientUtil.ts[0m:[93m207[0m:[93m42[0m - [91merror[0m[90m TS2339: [0mProperty 'split' does not exist on type 'unknown'.

[7m207[0m         const props = message._fetchProp.split('.');
[7m   [0m [91m                                         ~~~~~[0m

[96msrc/sharding/ShardingManager.ts[0m:[93m104[0m:[93m7[0m - [91merror[0m[90m TS2345: [0mArgument of type 'ShardingManagerOptions' is not assignable to parameter of type 'Record<string, unknown>'.
  Index signature for type 'string' is missing in type 'ShardingManagerOptions'.

[7m104[0m       options,
[7m   [0m [91m      ~~~~~~~[0m

[96msrc/sharding/ShardingManager.ts[0m:[93m191[0m:[93m5[0m - [91merror[0m[90m TS2322: [0mType 'boolean' is not assignable to type 'string'.

[7m191[0m     process.env.SHARDING_MANAGER = true;
[7m   [0m [91m    ~~~~~~~~~~~~~~~~~~~~~~~~~~~~[0m

[96msrc/sharding/ShardingManager.ts[0m:[93m326[0m:[93m74[0m - [91merror[0m[90m TS2556: [0mA spread argument must either have a tuple type or be passed to a rest parameter.

[7m326[0m       if (this.shards.has(shard)) return this.shards.get(shard)![method](...args);
[7m   [0m [91m                                                                         ~~~~~~~[0m

[96msrc/sharding/ShardingManager.ts[0m:[93m333[0m:[93m69[0m - [91merror[0m[90m TS2556: [0mA spread argument must either have a tuple type or be passed to a rest parameter.

[7m333[0m     for (const sh of this.shards.values()) promises.push(sh[method](...args));
[7m   [0m [91m                                                                    ~~~~~~~[0m

[96msrc/structures/AnonymousGuild.ts[0m:[93m25[0m:[93m3[0m - [91merror[0m[90m TS2416: [0mProperty '_patch' in type 'AnonymousGuild' is not assignable to the same property in base type 'BaseGuild'.
  Type '(data: any) => void' is not assignable to type '<T>(data: T) => T'.
    Type 'void' is not assignable to type 'T'.
      'T' could be instantiated with an arbitrary type which could be unrelated to 'void'.

[7m25[0m   _patch(data: any): void {
[7m  [0m [91m  ~~~~~~[0m

[96msrc/structures/ApplicationCommand.ts[0m:[93m75[0m:[93m3[0m - [91merror[0m[90m TS2416: [0mProperty '_patch' in type 'ApplicationCommand' is not assignable to the same property in base type 'Base'.
  Type '(data: any) => void' is not assignable to type '<T>(data: T) => T'.
    Type 'void' is not assignable to type 'T'.
      'T' could be instantiated with an arbitrary type which could be unrelated to 'void'.

[7m75[0m   _patch(data: any): void {
[7m  [0m [91m  ~~~~~~[0m

[96msrc/structures/ApplicationCommand.ts[0m:[93m137[0m:[93m61[0m - [91merror[0m[90m TS2339: [0mProperty 'transformOption' does not exist on type 'Function'.

[7m137[0m       this.options = data.options.map(o => this.constructor.transformOption(o, true));
[7m   [0m [91m                                                            ~~~~~~~~~~~~~~~[0m

[96msrc/structures/ApplicationCommand.ts[0m:[93m413[0m:[93m67[0m - [91merror[0m[90m TS2339: [0mProperty 'autocomplete' does not exist on type 'ApplicationCommand'.

[7m413[0m       ('autocomplete' in command && command.autocomplete !== this.autocomplete) ||
[7m   [0m [91m                                                                  ~~~~~~~~~~~~[0m

[96msrc/structures/ApplicationCommand.ts[0m:[93m426[0m:[93m31[0m - [91merror[0m[90m TS2339: [0mProperty 'optionsEqual' does not exist on type 'Function'.

[7m426[0m       return this.constructor.optionsEqual(this.options, command.options, enforceOptionOrder);
[7m   [0m [91m                              ~~~~~~~~~~~~[0m

[96msrc/structures/ApplicationCommand.ts[0m:[93m498[0m:[93m43[0m - [91merror[0m[90m TS2339: [0mProperty 'value' does not exist on type 'unknown'.

[7m498[0m           if (!foundChoice || foundChoice.value !== choice.value) return false;
[7m   [0m [91m                                          ~~~~~[0m

[96msrc/structures/AutoModerationRule.ts[0m:[93m59[0m:[93m3[0m - [91merror[0m[90m TS2416: [0mProperty '_patch' in type 'AutoModerationRule' is not assignable to the same property in base type 'Base'.
  Type '(data: any) => void' is not assignable to type '<T>(data: T) => T'.
    Type 'void' is not assignable to type 'T'.
      'T' could be instantiated with an arbitrary type which could be unrelated to 'void'.

[7m59[0m   _patch(data: any): void {
[7m  [0m [91m  ~~~~~~[0m

[96msrc/structures/AutocompleteInteraction.ts[0m:[93m49[0m:[93m20[0m - [91merror[0m[90m TS2554: [0mExpected 3 arguments, but got 2.

[7m49[0m     this.options = new CommandInteractionOptionResolver(
[7m  [0m [91m                   ~~~~~~~~~~~~~~~~~~~~~~~~~~~~~~~~~~~~~[0m
[7m50[0m       this.client,
[7m  [0m [91m~~~~~~~~~~~~~~~~~~[0m
[7m51[0m       data.data.options?.map(option => this.transformOption(option, data.data.resolved)) ?? [],
[7m  [0m [91m~~~~~~~~~~~~~~~~~~~~~~~~~~~~~~~~~~~~~~~~~~~~~~~~~~~~~~~~~~~~~~~~~~~~~~~~~~~~~~~~~~~~~~~~~~~~~~~[0m
[7m52[0m     );
[7m  [0m [91m~~~~~[0m

  [96msrc/structures/CommandInteractionOptionResolver.ts[0m:[93m13[0m:[93m42[0m
    [7m13[0m   constructor(client: any, options: any, resolved: any) {
    [7m  [0m [96m                                         ~~~~~~~~~~~~~[0m
    An argument for 'resolved' was not provided.

[96msrc/structures/AutocompleteInteraction.ts[0m:[93m51[0m:[93m69[0m - [91merror[0m[90m TS2554: [0mExpected 1 arguments, but got 2.

[7m51[0m       data.data.options?.map(option => this.transformOption(option, data.data.resolved)) ?? [],
[7m  [0m [91m                                                                    ~~~~~~~~~~~~~~~~~~[0m

[96msrc/structures/AutocompleteInteraction.ts[0m:[93m76[0m:[93m35[0m - [91merror[0m[90m TS2339: [0mProperty 'value' does not exist on type '{ name: any; type: any; }'.

[7m76[0m     if ('value' in option) result.value = option.value;
[7m  [0m [91m                                  ~~~~~[0m

[96msrc/structures/AutocompleteInteraction.ts[0m:[93m77[0m:[93m37[0m - [91merror[0m[90m TS2339: [0mProperty 'options' does not exist on type '{ name: any; type: any; }'.

[7m77[0m     if ('options' in option) result.options = option.options.map(opt => this.transformOption(opt));
[7m  [0m [91m                                    ~~~~~~~[0m

[96msrc/structures/AutocompleteInteraction.ts[0m:[93m78[0m:[93m37[0m - [91merror[0m[90m TS2339: [0mProperty 'focused' does not exist on type '{ name: any; type: any; }'.

[7m78[0m     if ('focused' in option) result.focused = option.focused;
[7m  [0m [91m                                    ~~~~~~~[0m

[96msrc/structures/Base.ts[0m:[93m40[0m:[93m25[0m - [91merror[0m[90m TS2345: [0mArgument of type 'this' is not assignable to parameter of type 'Record<string, unknown>'.
  Type 'Base' is not assignable to type 'Record<string, unknown>'.
    Index signature for type 'string' is missing in type 'Base'.

[7m40[0m     return Util.flatten(this, ...props);
[7m  [0m [91m                        ~~~~[0m

[96msrc/structures/BaseGuildEmoji.ts[0m:[93m32[0m:[93m3[0m - [91merror[0m[90m TS2416: [0mProperty '_patch' in type 'BaseGuildEmoji' is not assignable to the same property in base type 'Emoji'.
  Type '(data: any) => void' is not assignable to type '<T>(data: T) => T'.
    Type 'void' is not assignable to type 'T'.
      'T' could be instantiated with an arbitrary type which could be unrelated to 'void'.

[7m32[0m   _patch(data: any): void {
[7m  [0m [91m  ~~~~~~[0m

[96msrc/structures/BaseGuildTextChannel.ts[0m:[93m30[0m:[93m40[0m - [91merror[0m[90m TS2345: [0mArgument of type 'this' is not assignable to parameter of type 'TextBasedChannel'.
  Type 'BaseGuildTextChannel' is not assignable to type 'TextBasedChannel'.
    Index signature for type 'string' is missing in type 'BaseGuildTextChannel'.

[7m30[0m     this.messages = new MessageManager(this);
[7m  [0m [91m                                       ~~~~[0m

[96msrc/structures/BaseGuildTextChannel.ts[0m:[93m186[0m:[93m7[0m - [91merror[0m[90m TS2378: [0mA 'get' accessor must return a value.

[7m186[0m   get lastMessage() {}
[7m   [0m [91m      ~~~~~~~~~~~[0m

[96msrc/structures/BaseGuildTextChannel.ts[0m:[93m187[0m:[93m7[0m - [91merror[0m[90m TS2378: [0mA 'get' accessor must return a value.

[7m187[0m   get lastPinAt() {}
[7m   [0m [91m      ~~~~~~~~~[0m

[96msrc/structures/BaseGuildVoiceChannel.ts[0m:[93m32[0m:[93m40[0m - [91merror[0m[90m TS2345: [0mArgument of type 'this' is not assignable to parameter of type 'TextBasedChannel'.
  Type 'BaseGuildVoiceChannel' is not assignable to type 'TextBasedChannel'.
    Index signature for type 'string' is missing in type 'BaseGuildVoiceChannel'.

[7m32[0m     this.messages = new MessageManager(this);
[7m  [0m [91m                                       ~~~~[0m

[96msrc/structures/BaseGuildVoiceChannel.ts[0m:[93m238[0m:[93m7[0m - [91merror[0m[90m TS2378: [0mA 'get' accessor must return a value.

[7m238[0m   get lastMessage() {}
[7m   [0m [91m      ~~~~~~~~~~~[0m

[96msrc/structures/CallState.ts[0m:[93m28[0m:[93m3[0m - [91merror[0m[90m TS2416: [0mProperty '_patch' in type 'CallState' is not assignable to the same property in base type 'Base'.
  Type '(data: any) => void' is not assignable to type '<T>(data: T) => T'.
    Type 'void' is not assignable to type 'T'.
      'T' could be instantiated with an arbitrary type which could be unrelated to 'void'.

[7m28[0m   _patch(data: any): void {
[7m  [0m [91m  ~~~~~~[0m

[96msrc/structures/CallState.ts[0m:[93m55[0m:[93m58[0m - [91merror[0m[90m TS2339: [0mProperty 'patch' does not exist on type '(this: Function, thisArg: any, ...argArray: any[]) => any'.

[7m55[0m     return this.client.api.channels(this.channelId).call.patch({ data: { region } });
[7m  [0m [91m                                                         ~~~~~[0m

[96msrc/structures/ClientUser.ts[0m:[93m383[0m:[93m5[0m - [91merror[0m[90m TS2322: [0mType 'Collection<unknown, unknown>' is not assignable to type 'Collection<string, Invite>'.
  Type 'unknown' is not assignable to type 'string'.

[7m383[0m     return collection;
[7m   [0m [91m    ~~~~~~[0m

[96msrc/structures/ContainerComponent.ts[0m:[93m66[0m:[93m26[0m - [91merror[0m[90m TS2551: [0mProperty 'accent_color' does not exist on type 'ContainerComponent'. Did you mean 'accentColor'?

[7m66[0m       accent_color: this.accent_color,
[7m  [0m [91m                         ~~~~~~~~~~~~[0m

  [96msrc/structures/ContainerComponent.ts[0m:[93m8[0m:[93m10[0m
    [7m8[0m   public accentColor: number | null;
    [7m [0m [96m         ~~~~~~~~~~~[0m
    'accentColor' is declared here.

[96msrc/structures/ContextMenuInteraction.ts[0m:[93m14[0m:[93m10[0m - [91merror[0m[90m TS2612: [0mProperty 'targetType' will overwrite the base property in 'BaseCommandInteraction'. If this is intentional, add an initializer. Otherwise, add a 'declare' modifier or remove the redundant declaration.

[7m14[0m   public targetType: any;
[7m  [0m [91m         ~~~~~~~~~~[0m

[96msrc/structures/DMChannel.ts[0m:[93m32[0m:[93m40[0m - [91merror[0m[90m TS2345: [0mArgument of type 'this' is not assignable to parameter of type 'TextBasedChannel'.
  Type 'DMChannel' is not assignable to type 'TextBasedChannel'.
    Index signature for type 'string' is missing in type 'DMChannel'.

[7m32[0m     this.messages = new MessageManager(this);
[7m  [0m [91m                                       ~~~~[0m

[96msrc/structures/DMChannel.ts[0m:[93m89[0m:[93m46[0m - [91merror[0m[90m TS2559: [0mType '"This channel is not a message request"' has no properties in common with type 'ErrorOptions'.

[7m89[0m       throw new Error('NOT_MESSAGE_REQUEST', 'This channel is not a message request');
[7m  [0m [91m                                             ~~~~~~~~~~~~~~~~~~~~~~~~~~~~~~~~~~~~~~~[0m

[96msrc/structures/DMChannel.ts[0m:[93m97[0m:[93m33[0m - [91merror[0m[90m TS2554: [0mExpected 2-3 arguments, but got 1.

[7m97[0m     return this.client.channels._add(c);
[7m  [0m [91m                                ~~~~[0m

  [96msrc/managers/ChannelManager.ts[0m:[93m43[0m:[93m5[0m
    [7m43[0m     guild: Guild | null,
    [7m  [0m [96m    ~~~~~~~~~~~~~~~~~~~[0m
    An argument for 'guild' was not provided.

[96msrc/structures/DMChannel.ts[0m:[93m106[0m:[93m46[0m - [91merror[0m[90m TS2559: [0mType '"This channel is not a message request"' has no properties in common with type 'ErrorOptions'.

[7m106[0m       throw new Error('NOT_MESSAGE_REQUEST', 'This channel is not a message request');
[7m   [0m [91m                                             ~~~~~~~~~~~~~~~~~~~~~~~~~~~~~~~~~~~~~~~[0m

[96msrc/structures/DMChannel.ts[0m:[93m160[0m:[93m51[0m - [91merror[0m[90m TS2339: [0mProperty 'ring' does not exist on type '(this: Function, thisArg: any, ...argArray: any[]) => any'.

[7m160[0m     return this.client.api.channels(this.id).call.ring.post({
[7m   [0m [91m                                                  ~~~~[0m

[96msrc/structures/DMChannel.ts[0m:[93m214[0m:[93m7[0m - [91merror[0m[90m TS2378: [0mA 'get' accessor must return a value.

[7m214[0m   get lastMessage() {}
[7m   [0m [91m      ~~~~~~~~~~~[0m

[96msrc/structures/DMChannel.ts[0m:[93m215[0m:[93m7[0m - [91merror[0m[90m TS2378: [0mA 'get' accessor must return a value.

[7m215[0m   get lastPinAt() {}
[7m   [0m [91m      ~~~~~~~~~[0m

[96msrc/structures/FileComponent.ts[0m:[93m46[0m:[93m18[0m - [91merror[0m[90m TS2339: [0mProperty 'content' does not exist on type 'FileComponent'.

[7m46[0m       file: this.content,
[7m  [0m [91m                 ~~~~~~~[0m

[96msrc/structures/GroupDMChannel.ts[0m:[93m34[0m:[93m40[0m - [91merror[0m[90m TS2345: [0mArgument of type 'this' is not assignable to parameter of type 'TextBasedChannel'.
  Type 'GroupDMChannel' is not assignable to type 'TextBasedChannel'.
    Index signature for type 'string' is missing in type 'GroupDMChannel'.

[7m34[0m     this.messages = new MessageManager(this);
[7m  [0m [91m                                       ~~~~[0m

[96msrc/structures/GroupDMChannel.ts[0m:[93m178[0m:[93m10[0m - [91merror[0m[90m TS2339: [0mProperty 'iconURL' does not exist on type 'unknown'.

[7m178[0m     json.iconURL = this.iconURL();
[7m   [0m [91m         ~~~~~~~[0m

[96msrc/structures/GroupDMChannel.ts[0m:[93m204[0m:[93m31[0m - [91merror[0m[90m TS2339: [0mProperty 'name' does not exist on type '{}'.

[7m204[0m     if ('name' in data) _data.name = data.name?.trim() ?? null;
[7m   [0m [91m                              ~~~~[0m

[96msrc/structures/GroupDMChannel.ts[0m:[93m206[0m:[93m13[0m - [91merror[0m[90m TS2339: [0mProperty 'icon' does not exist on type '{}'.

[7m206[0m       _data.icon = await DataResolver.resolveImage(data.icon);
[7m   [0m [91m            ~~~~[0m

[96msrc/structures/GroupDMChannel.ts[0m:[93m209[0m:[93m13[0m - [91merror[0m[90m TS2339: [0mProperty 'owner' does not exist on type '{}'.

[7m209[0m       _data.owner = data.owner;
[7m   [0m [91m            ~~~~~[0m

[96msrc/structures/GroupDMChannel.ts[0m:[93m318[0m:[93m51[0m - [91merror[0m[90m TS2339: [0mProperty 'ring' does not exist on type '(this: Function, thisArg: any, ...argArray: any[]) => any'.

[7m318[0m     return this.client.api.channels(this.id).call.ring.post({
[7m   [0m [91m                                                  ~~~~[0m

[96msrc/structures/GroupDMChannel.ts[0m:[93m385[0m:[93m7[0m - [91merror[0m[90m TS2378: [0mA 'get' accessor must return a value.

[7m385[0m   get lastMessage() {}
[7m   [0m [91m      ~~~~~~~~~~~[0m

[96msrc/structures/GroupDMChannel.ts[0m:[93m386[0m:[93m7[0m - [91merror[0m[90m TS2378: [0mA 'get' accessor must return a value.

[7m386[0m   get lastPinAt() {}
[7m   [0m [91m      ~~~~~~~~~[0m

[96msrc/structures/GuildAuditLogs.ts[0m:[93m16[0m:[93m13[0m - [91merror[0m[90m TS2613: [0mModule '"/tmp/discord.js-selfbot-v13/src/structures/Guild"' has no default export. Did you mean to use 'import { Guild } from "/tmp/discord.js-selfbot-v13/src/structures/Guild"' instead?

[7m16[0m import type Guild from './Guild';
[7m  [0m [91m            ~~~~~[0m

[96msrc/structures/GuildAuditLogs.ts[0m:[93m239[0m:[93m50[0m - [91merror[0m[90m TS2554: [0mExpected 4 arguments, but got 3.

[7m239[0m         this.applicationCommands.set(command.id, new ApplicationCommand(guild.client, command, guild));
[7m   [0m [91m                                                 ~~~~~~~~~~~~~~~~~~~~~~~~~~~~~~~~~~~~~~~~~~~~~~~~~~~~[0m

  [96msrc/structures/ApplicationCommand.ts[0m:[93m32[0m:[93m51[0m
    [7m32[0m   constructor(client: any, data: any, guild: any, guildId: any) {
    [7m  [0m [96m                                                  ~~~~~~~~~~~~[0m
    An argument for 'guildId' was not provided.

[96msrc/structures/GuildAuditLogs.ts[0m:[93m417[0m:[93m25[0m - [91merror[0m[90m TS2345: [0mArgument of type 'this' is not assignable to parameter of type 'Record<string, unknown>'.
  Type 'GuildAuditLogs' is not assignable to type 'Record<string, unknown>'.
    Index signature for type 'string' is missing in type 'GuildAuditLogs'.

[7m417[0m     return Util.flatten(this);
[7m   [0m [91m                        ~~~~[0m

[96msrc/structures/GuildAuditLogs.ts[0m:[93m762[0m:[93m25[0m - [91merror[0m[90m TS2345: [0mArgument of type 'this' is not assignable to parameter of type 'Record<string, unknown>'.
  Type 'GuildAuditLogsEntry' is not assignable to type 'Record<string, unknown>'.
    Index signature for type 'string' is missing in type 'GuildAuditLogsEntry'.

[7m762[0m     return Util.flatten(this, { createdTimestamp: true });
[7m   [0m [91m                        ~~~~[0m

[96msrc/structures/GuildBan.ts[0m:[93m26[0m:[93m3[0m - [91merror[0m[90m TS2416: [0mProperty '_patch' in type 'GuildBan' is not assignable to the same property in base type 'Base'.
  Type '(data: any) => void' is not assignable to type '<T>(data: T) => T'.
    Type 'void' is not assignable to type 'T'.
      'T' could be instantiated with an arbitrary type which could be unrelated to 'void'.

[7m26[0m   _patch(data: any): void {
[7m  [0m [91m  ~~~~~~[0m

[96msrc/structures/GuildBoost.ts[0m:[93m23[0m:[93m3[0m - [91merror[0m[90m TS2416: [0mProperty '_patch' in type 'GuildBoost' is not assignable to the same property in base type 'Base'.
  Type '(data: any) => void' is not assignable to type '<T>(data: T) => T'.
    Type 'void' is not assignable to type 'T'.
      'T' could be instantiated with an arbitrary type which could be unrelated to 'void'.

[7m23[0m   _patch(data: any): void {
[7m  [0m [91m  ~~~~~~[0m

[96msrc/structures/GuildChannel.ts[0m:[93m97[0m:[93m72[0m - [91merror[0m[90m TS2345: [0mArgument of type 'MapIterator<PermissionOverwrites>' is not assignable to parameter of type 'Iterable<RawPermissionOverwriteData>'.
  The types returned by '[Symbol.iterator]().next(...)' are incompatible between these types.
    Type 'IteratorResult<PermissionOverwrites, any>' is not assignable to type 'IteratorResult<RawPermissionOverwriteData, any>'.
      Type 'IteratorYieldResult<PermissionOverwrites>' is not assignable to type 'IteratorResult<RawPermissionOverwriteData, any>'.
        Type 'IteratorYieldResult<PermissionOverwrites>' is not assignable to type 'IteratorYieldResult<RawPermissionOverwriteData>'.
          Type 'PermissionOverwrites' is not assignable to type 'RawPermissionOverwriteData'.
            Type 'PermissionOverwrites' is not assignable to type 'Record<string, unknown>'.
              Index signature for type 'string' is missing in type 'PermissionOverwrites'.

[7m97[0m     clone.permissionOverwrites = new PermissionOverwriteManager(clone, this.permissionOverwrites.cache.values());
[7m  [0m [91m                                                                       ~~~~~~~~~~~~~~~~~~~~~~~~~~~~~~~~~~~~~~~~[0m

[96msrc/structures/GuildChannel.ts[0m:[93m381[0m:[93m19[0m - [91merror[0m[90m TS2339: [0mProperty 'topic' does not exist on type 'GuildChannel'.

[7m381[0m       topic: this.topic,
[7m   [0m [91m                  ~~~~~[0m

[96msrc/structures/GuildChannel.ts[0m:[93m383[0m:[93m18[0m - [91merror[0m[90m TS2339: [0mProperty 'nsfw' does not exist on type 'GuildChannel'.

[7m383[0m       nsfw: this.nsfw,
[7m   [0m [91m                 ~~~~[0m

[96msrc/structures/GuildChannel.ts[0m:[93m385[0m:[93m21[0m - [91merror[0m[90m TS2339: [0mProperty 'bitrate' does not exist on type 'GuildChannel'.

[7m385[0m       bitrate: this.bitrate,
[7m   [0m [91m                    ~~~~~~~[0m

[96msrc/structures/GuildChannel.ts[0m:[93m386[0m:[93m23[0m - [91merror[0m[90m TS2339: [0mProperty 'userLimit' does not exist on type 'GuildChannel'.

[7m386[0m       userLimit: this.userLimit,
[7m   [0m [91m                      ~~~~~~~~~[0m

[96msrc/structures/GuildChannel.ts[0m:[93m387[0m:[93m30[0m - [91merror[0m[90m TS2339: [0mProperty 'rateLimitPerUser' does not exist on type 'GuildChannel'.

[7m387[0m       rateLimitPerUser: this.rateLimitPerUser,
[7m   [0m [91m                             ~~~~~~~~~~~~~~~~[0m

[96msrc/structures/GuildChannel.ts[0m:[93m405[0m:[93m12[0m - [91merror[0m[90m TS2339: [0mProperty 'topic' does not exist on type 'GuildChannel'.

[7m405[0m       this.topic === channel.topic &&
[7m   [0m [91m           ~~~~~[0m

[96msrc/structures/GuildEmoji.ts[0m:[93m8[0m:[93m13[0m - [91merror[0m[90m TS2613: [0mModule '"/tmp/discord.js-selfbot-v13/src/structures/Guild"' has no default export. Did you mean to use 'import { Guild } from "/tmp/discord.js-selfbot-v13/src/structures/Guild"' instead?

[7m8[0m import type Guild from './Guild';
[7m [0m [91m            ~~~~~[0m

[96msrc/structures/GuildEmoji.ts[0m:[93m10[0m:[93m13[0m - [91merror[0m[90m TS2613: [0mModule '"/tmp/discord.js-selfbot-v13/src/structures/Role"' has no default export. Did you mean to use 'import { Role } from "/tmp/discord.js-selfbot-v13/src/structures/Role"' instead?

[7m10[0m import type Role from './Role';
[7m  [0m [91m            ~~~~[0m

[96msrc/structures/GuildMember.ts[0m:[93m12[0m:[93m13[0m - [91merror[0m[90m TS2613: [0mModule '"/tmp/discord.js-selfbot-v13/src/structures/Guild"' has no default export. Did you mean to use 'import { Guild } from "/tmp/discord.js-selfbot-v13/src/structures/Guild"' instead?

[7m12[0m import type Guild from './Guild';
[7m  [0m [91m            ~~~~~[0m

[96msrc/structures/GuildMember.ts[0m:[93m96[0m:[93m3[0m - [91merror[0m[90m TS2416: [0mProperty '_patch' in type 'GuildMember' is not assignable to the same property in base type 'Base'.
  Type '(data: any) => void' is not assignable to type '<T>(data: T) => T'.
    Type 'void' is not assignable to type 'T'.
      'T' could be instantiated with an arbitrary type which could be unrelated to 'void'.

[7m96[0m   _patch(data: any): void {
[7m  [0m [91m  ~~~~~~[0m

[96msrc/structures/GuildMember.ts[0m:[93m341[0m:[93m7[0m - [91merror[0m[90m TS2611: [0m'id' is defined as a property in class 'Base', but is overridden here in 'GuildMember' as an accessor.

[7m341[0m   get id(): string {
[7m   [0m [91m      ~~[0m

[96msrc/structures/GuildMember.ts[0m:[93m600[0m:[93m10[0m - [91merror[0m[90m TS2339: [0mProperty 'avatarURL' does not exist on type 'unknown'.

[7m600[0m     json.avatarURL = this.avatarURL();
[7m   [0m [91m         ~~~~~~~~~[0m

[96msrc/structures/GuildMember.ts[0m:[93m601[0m:[93m10[0m - [91merror[0m[90m TS2339: [0mProperty 'bannerURL' does not exist on type 'unknown'.

[7m601[0m     json.bannerURL = this.bannerURL();
[7m   [0m [91m         ~~~~~~~~~[0m

[96msrc/structures/GuildMember.ts[0m:[93m602[0m:[93m10[0m - [91merror[0m[90m TS2339: [0mProperty 'displayAvatarURL' does not exist on type 'unknown'.

[7m602[0m     json.displayAvatarURL = this.displayAvatarURL();
[7m   [0m [91m         ~~~~~~~~~~~~~~~~[0m

[96msrc/structures/GuildMember.ts[0m:[93m603[0m:[93m10[0m - [91merror[0m[90m TS2339: [0mProperty 'displayBannerURL' does not exist on type 'unknown'.

[7m603[0m     json.displayBannerURL = this.displayBannerURL();
[7m   [0m [91m         ~~~~~~~~~~~~~~~~[0m

[96msrc/structures/GuildMember.ts[0m:[93m604[0m:[93m10[0m - [91merror[0m[90m TS2339: [0mProperty 'avatarDecorationURL' does not exist on type 'unknown'.

[7m604[0m     json.avatarDecorationURL = this.avatarDecorationURL();
[7m   [0m [91m         ~~~~~~~~~~~~~~~~~~~[0m

[96msrc/structures/GuildPreview.ts[0m:[93m34[0m:[93m3[0m - [91merror[0m[90m TS2416: [0mProperty '_patch' in type 'GuildPreview' is not assignable to the same property in base type 'Base'.
  Type '(data: any) => void' is not assignable to type '<T>(data: T) => T'.
    Type 'void' is not assignable to type 'T'.
      'T' could be instantiated with an arbitrary type which could be unrelated to 'void'.

[7m34[0m   _patch(data: any): void {
[7m  [0m [91m  ~~~~~~[0m

[96msrc/structures/GuildPreview.ts[0m:[93m197[0m:[93m10[0m - [91merror[0m[90m TS2339: [0mProperty 'iconURL' does not exist on type 'unknown'.

[7m197[0m     json.iconURL = this.iconURL();
[7m   [0m [91m         ~~~~~~~[0m

[96msrc/structures/GuildPreview.ts[0m:[93m198[0m:[93m10[0m - [91merror[0m[90m TS2339: [0mProperty 'splashURL' does not exist on type 'unknown'.

[7m198[0m     json.splashURL = this.splashURL();
[7m   [0m [91m         ~~~~~~~~~[0m

[96msrc/structures/GuildScheduledEvent.ts[0m:[93m54[0m:[93m3[0m - [91merror[0m[90m TS2416: [0mProperty '_patch' in type 'GuildScheduledEvent' is not assignable to the same property in base type 'Base'.
  Type '(data: any) => void' is not assignable to type '<T>(data: T) => T'.
    Type 'void' is not assignable to type 'T'.
      'T' could be instantiated with an arbitrary type which could be unrelated to 'void'.

[7m54[0m   _patch(data: any): void {
[7m  [0m [91m  ~~~~~~[0m

[96msrc/structures/GuildScheduledEvent.ts[0m:[93m345[0m:[93m62[0m - [91merror[0m[90m TS2339: [0mProperty 'scheduledEvent' does not exist on type 'unknown'.

[7m345[0m     return Endpoints.scheduledEvent(this.client.options.http.scheduledEvent, this.guildId, this.id);
[7m   [0m [91m                                                             ~~~~~~~~~~~~~~[0m

[96msrc/structures/GuildScheduledEvent.ts[0m:[93m377[0m:[93m54[0m - [91merror[0m[90m TS2339: [0mProperty 'invite' does not exist on type 'unknown'.

[7m377[0m     return Endpoints.invite(this.client.options.http.invite, invite.code, this.id);
[7m   [0m [91m                                                     ~~~~~~[0m

[96msrc/structures/GuildTemplate.ts[0m:[93m227[0m:[93m40[0m - [91merror[0m[90m TS2339: [0mProperty 'template' does not exist on type 'unknown'.

[7m227[0m     return `${this.client.options.http.template}/${this.code}`;
[7m   [0m [91m                                       ~~~~~~~~[0m

[96msrc/structures/GuildTemplate.ts[0m:[93m246[0m:[93m15[0m - [91merror[0m[90m TS2339: [0mProperty 'GUILD_TEMPLATES_PATTERN' does not exist on type 'typeof GuildTemplate'.

[7m246[0m GuildTemplate.GUILD_TEMPLATES_PATTERN = /discord(?:app)?\.(?:com\/template|new)\/([\w-]{2,255})/gi;
[7m   [0m [91m              ~~~~~~~~~~~~~~~~~~~~~~~[0m

[96msrc/structures/Integration.ts[0m:[93m152[0m:[93m3[0m - [91merror[0m[90m TS2416: [0mProperty '_patch' in type 'Integration' is not assignable to the same property in base type 'Base'.
  Type '(data: any) => void' is not assignable to type '<T>(data: T) => T'.
    Type 'void' is not assignable to type 'T'.
      'T' could be instantiated with an arbitrary type which could be unrelated to 'void'.

[7m152[0m   _patch(data: any): void {
[7m   [0m [91m  ~~~~~~[0m

[96msrc/structures/IntegrationApplication.ts[0m:[93m8[0m:[93m10[0m - [91merror[0m[90m TS2612: [0mProperty 'bot' will overwrite the base property in 'Application'. If this is intentional, add an initializer. Otherwise, add a 'declare' modifier or remove the redundant declaration.

[7m8[0m   public bot: any;
[7m [0m [91m         ~~~[0m

[96msrc/structures/IntegrationApplication.ts[0m:[93m9[0m:[93m10[0m - [91merror[0m[90m TS2612: [0mProperty 'termsOfServiceURL' will overwrite the base property in 'Application'. If this is intentional, add an initializer. Otherwise, add a 'declare' modifier or remove the redundant declaration.

[7m9[0m   public termsOfServiceURL: any;
[7m [0m [91m         ~~~~~~~~~~~~~~~~~[0m

[96msrc/structures/IntegrationApplication.ts[0m:[93m10[0m:[93m10[0m - [91merror[0m[90m TS2612: [0mProperty 'privacyPolicyURL' will overwrite the base property in 'Application'. If this is intentional, add an initializer. Otherwise, add a 'declare' modifier or remove the redundant declaration.

[7m10[0m   public privacyPolicyURL: any;
[7m  [0m [91m         ~~~~~~~~~~~~~~~~[0m

[96msrc/structures/IntegrationApplication.ts[0m:[93m11[0m:[93m10[0m - [91merror[0m[90m TS2612: [0mProperty 'rpcOrigins' will overwrite the base property in 'Application'. If this is intentional, add an initializer. Otherwise, add a 'declare' modifier or remove the redundant declaration.

[7m11[0m   public rpcOrigins: any;
[7m  [0m [91m         ~~~~~~~~~~[0m

[96msrc/structures/IntegrationApplication.ts[0m:[93m13[0m:[93m10[0m - [91merror[0m[90m TS2612: [0mProperty 'hook' will overwrite the base property in 'Application'. If this is intentional, add an initializer. Otherwise, add a 'declare' modifier or remove the redundant declaration.

[7m13[0m   public hook: any;
[7m  [0m [91m         ~~~~[0m

[96msrc/structures/IntegrationApplication.ts[0m:[93m14[0m:[93m10[0m - [91merror[0m[90m TS2612: [0mProperty 'cover' will overwrite the base property in 'Application'. If this is intentional, add an initializer. Otherwise, add a 'declare' modifier or remove the redundant declaration.

[7m14[0m   public cover: any;
[7m  [0m [91m         ~~~~~[0m

[96msrc/structures/IntegrationApplication.ts[0m:[93m15[0m:[93m10[0m - [91merror[0m[90m TS2612: [0mProperty 'verifyKey' will overwrite the base property in 'Application'. If this is intentional, add an initializer. Otherwise, add a 'declare' modifier or remove the redundant declaration.

[7m15[0m   public verifyKey: any;
[7m  [0m [91m         ~~~~~~~~~[0m

[96msrc/structures/InteractionWebhook.ts[0m:[93m36[0m:[93m26[0m - [91merror[0m[90m TS2355: [0mA function whose declared type is neither 'undefined', 'void', nor 'any' must return a value.

[7m36[0m   send(..._args: any[]): Promise<any> {}
[7m  [0m [91m                         ~~~~~~~~~~~~[0m

[96msrc/structures/InteractionWebhook.ts[0m:[93m37[0m:[93m34[0m - [91merror[0m[90m TS2355: [0mA function whose declared type is neither 'undefined', 'void', nor 'any' must return a value.

[7m37[0m   fetchMessage(..._args: any[]): Promise<any> {}
[7m  [0m [91m                                 ~~~~~~~~~~~~[0m

[96msrc/structures/InteractionWebhook.ts[0m:[93m38[0m:[93m33[0m - [91merror[0m[90m TS2355: [0mA function whose declared type is neither 'undefined', 'void', nor 'any' must return a value.

[7m38[0m   editMessage(..._args: any[]): Promise<any> {}
[7m  [0m [91m                                ~~~~~~~~~~~~[0m

[96msrc/structures/InteractionWebhook.ts[0m:[93m39[0m:[93m35[0m - [91merror[0m[90m TS2355: [0mA function whose declared type is neither 'undefined', 'void', nor 'any' must return a value.

[7m39[0m   deleteMessage(..._args: any[]): Promise<void> {}
[7m  [0m [91m                                  ~~~~~~~~~~~~~[0m

[96msrc/structures/Invite.ts[0m:[93m47[0m:[93m3[0m - [91merror[0m[90m TS2416: [0mProperty '_patch' in type 'Invite' is not assignable to the same property in base type 'Base'.
  Type '(data: any) => void' is not assignable to type '<T>(data: T) => T'.
    Type 'void' is not assignable to type 'T'.
      'T' could be instantiated with an arbitrary type which could be unrelated to 'void'.

[7m47[0m   _patch(data: any): void {
[7m  [0m [91m  ~~~~~~[0m

[96msrc/structures/Invite.ts[0m:[93m332[0m:[93m22[0m - [91merror[0m[90m TS2554: [0mExpected 3 arguments, but got 2.

[7m332[0m     return Endpoints.invite(this.client.options.http.invite, this.code);
[7m   [0m [91m                     ~~~~~~[0m

  [96msrc/util/Constants.ts[0m:[93m136[0m:[93m24[0m
    [7m136[0m   invite: (root, code, eventId) => (eventId ? `${root}/${code}?event=${eventId}` : `${root}/${code}`),
    [7m   [0m [96m                       ~~~~~~~[0m
    An argument for 'eventId' was not provided.

[96msrc/structures/Invite.ts[0m:[93m332[0m:[93m54[0m - [91merror[0m[90m TS2339: [0mProperty 'invite' does not exist on type 'unknown'.

[7m332[0m     return Endpoints.invite(this.client.options.http.invite, this.code);
[7m   [0m [91m                                                     ~~~~~~[0m

[96msrc/structures/InviteStageInstance.ts[0m:[93m40[0m:[93m3[0m - [91merror[0m[90m TS2416: [0mProperty '_patch' in type 'InviteStageInstance' is not assignable to the same property in base type 'Base'.
  Type '(data: any) => void' is not assignable to type '<T>(data: T) => T'.
    Type 'void' is not assignable to type 'T'.
      'T' could be instantiated with an arbitrary type which could be unrelated to 'void'.

[7m40[0m   _patch(data: any): void {
[7m  [0m [91m  ~~~~~~[0m

[96msrc/structures/Message.ts[0m:[93m88[0m:[93m3[0m - [91merror[0m[90m TS2416: [0mProperty '_patch' in type 'Message' is not assignable to the same property in base type 'Base'.
  Type '(data: any) => void' is not assignable to type '<T>(data: T) => T'.
    Type 'void' is not assignable to type 'T'.
      'T' could be instantiated with an arbitrary type which could be unrelated to 'void'.

[7m88[0m   _patch(data: any): void {
[7m  [0m [91m  ~~~~~~[0m

[96msrc/structures/Message.ts[0m:[93m431[0m:[93m63[0m - [91merror[0m[90m TS2351: [0mThis expression is not constructable.
  Type 'Function' has no construct signatures.

[7m431[0m           channel ? channel.messages._add(snapshotData) : new this.constructor(this.client, snapshotData),
[7m   [0m [91m                                                              ~~~~~~~~~~~~~~~~[0m

[96msrc/structures/Message.ts[0m:[93m917[0m:[93m28[0m - [91merror[0m[90m TS2339: [0mProperty 'send' does not exist on type 'Channel'.

[7m917[0m     return resolvedChannel.send({
[7m   [0m [91m                           ~~~~[0m

[96msrc/structures/MessageAttachment.ts[0m:[93m221[0m:[93m25[0m - [91merror[0m[90m TS2345: [0mArgument of type 'this' is not assignable to parameter of type 'Record<string, unknown>'.
  Type 'MessageAttachment' is not assignable to type 'Record<string, unknown>'.
    Index signature for type 'string' is missing in type 'MessageAttachment'.

[7m221[0m     return Util.flatten(this);
[7m   [0m [91m                        ~~~~[0m

[96msrc/structures/MessageButton.ts[0m:[93m82[0m:[93m49[0m - [91merror[0m[90m TS2345: [0mArgument of type 'DiscordjsErrorConstructor<Error>' is not assignable to parameter of type 'ErrorConstructor'.
  Type 'DiscordjsErrorConstructor<Error>' is missing the following properties from type 'ErrorConstructor': isError, captureStackTrace, prepareStackTrace, stackTraceLimit

[7m82[0m     this.customId = Util.verifyString(customId, RangeError, 'BUTTON_CUSTOM_ID');
[7m  [0m [91m                                                ~~~~~~~~~~[0m

[96msrc/structures/MessageButton.ts[0m:[93m112[0m:[93m43[0m - [91merror[0m[90m TS2345: [0mArgument of type 'DiscordjsErrorConstructor<Error>' is not assignable to parameter of type 'ErrorConstructor'.
  Type 'DiscordjsErrorConstructor<Error>' is missing the following properties from type 'ErrorConstructor': isError, captureStackTrace, prepareStackTrace, stackTraceLimit

[7m112[0m     this.label = Util.verifyString(label, RangeError, 'BUTTON_LABEL');
[7m   [0m [91m                                          ~~~~~~~~~~[0m

[96msrc/structures/MessageButton.ts[0m:[93m133[0m:[93m39[0m - [91merror[0m[90m TS2345: [0mArgument of type 'DiscordjsErrorConstructor<Error>' is not assignable to parameter of type 'ErrorConstructor'.
  Type 'DiscordjsErrorConstructor<Error>' is missing the following properties from type 'ErrorConstructor': isError, captureStackTrace, prepareStackTrace, stackTraceLimit

[7m133[0m     this.url = Util.verifyString(url, RangeError, 'BUTTON_URL');
[7m   [0m [91m                                      ~~~~~~~~~~[0m

[96msrc/structures/MessageComponentInteraction.ts[0m:[93m14[0m:[93m10[0m - [91merror[0m[90m TS2612: [0mProperty 'componentType' will overwrite the base property in 'Interaction'. If this is intentional, add an initializer. Otherwise, add a 'declare' modifier or remove the redundant declaration.

[7m14[0m   public componentType: string;
[7m  [0m [91m         ~~~~~~~~~~~~~[0m

[96msrc/structures/MessageEmbed.ts[0m:[93m442[0m:[93m7[0m - [91merror[0m[90m TS2741: [0mProperty 'name' is missing in type '{}' but required in type 'MessageEmbedAuthor'.

[7m442[0m       this.author = {};
[7m   [0m [91m      ~~~~~~~~~~~[0m

  [96msrc/structures/MessageEmbed.ts[0m:[93m42[0m:[93m3[0m
    [7m42[0m   name: string;
    [7m  [0m [96m  ~~~~[0m
    'name' is declared here.

[96msrc/structures/MessageEmbed.ts[0m:[93m460[0m:[93m51[0m - [91merror[0m[90m TS2345: [0mArgument of type 'DiscordjsErrorConstructor<Error>' is not assignable to parameter of type 'ErrorConstructor'.
  Type 'DiscordjsErrorConstructor<Error>' is missing the following properties from type 'ErrorConstructor': isError, captureStackTrace, prepareStackTrace, stackTraceLimit

[7m460[0m     this.author = { name: Util.verifyString(name, RangeError, 'EMBED_AUTHOR_NAME'), url, iconURL };
[7m   [0m [91m                                                  ~~~~~~~~~~[0m

[96msrc/structures/MessageEmbed.ts[0m:[93m480[0m:[93m55[0m - [91merror[0m[90m TS2345: [0mArgument of type 'DiscordjsErrorConstructor<Error>' is not assignable to parameter of type 'ErrorConstructor'.
  Type 'DiscordjsErrorConstructor<Error>' is missing the following properties from type 'ErrorConstructor': isError, captureStackTrace, prepareStackTrace, stackTraceLimit

[7m480[0m     this.description = Util.verifyString(description, RangeError, 'EMBED_DESCRIPTION');
[7m   [0m [91m                                                      ~~~~~~~~~~[0m

[96msrc/structures/MessageEmbed.ts[0m:[93m519[0m:[93m51[0m - [91merror[0m[90m TS2345: [0mArgument of type 'DiscordjsErrorConstructor<Error>' is not assignable to parameter of type 'ErrorConstructor'.
  Type 'DiscordjsErrorConstructor<Error>' is missing the following properties from type 'ErrorConstructor': isError, captureStackTrace, prepareStackTrace, stackTraceLimit

[7m519[0m     this.footer = { text: Util.verifyString(text, RangeError, 'EMBED_FOOTER_TEXT'), iconURL };
[7m   [0m [91m                                                  ~~~~~~~~~~[0m

[96msrc/structures/MessageEmbed.ts[0m:[93m561[0m:[93m43[0m - [91merror[0m[90m TS2345: [0mArgument of type 'DiscordjsErrorConstructor<Error>' is not assignable to parameter of type 'ErrorConstructor'.
  Type 'DiscordjsErrorConstructor<Error>' is missing the following properties from type 'ErrorConstructor': isError, captureStackTrace, prepareStackTrace, stackTraceLimit

[7m561[0m     this.title = Util.verifyString(title, RangeError, 'EMBED_TITLE');
[7m   [0m [91m                                          ~~~~~~~~~~[0m

[96msrc/structures/MessageEmbed.ts[0m:[93m621[0m:[93m37[0m - [91merror[0m[90m TS2345: [0mArgument of type 'DiscordjsErrorConstructor<Error>' is not assignable to parameter of type 'ErrorConstructor'.
  Type 'DiscordjsErrorConstructor<Error>' is missing the following properties from type 'ErrorConstructor': isError, captureStackTrace, prepareStackTrace, stackTraceLimit

[7m621[0m       name: Util.verifyString(name, RangeError, 'EMBED_FIELD_NAME', false),
[7m   [0m [91m                                    ~~~~~~~~~~[0m

[96msrc/structures/MessageEmbed.ts[0m:[93m622[0m:[93m39[0m - [91merror[0m[90m TS2345: [0mArgument of type 'DiscordjsErrorConstructor<Error>' is not assignable to parameter of type 'ErrorConstructor'.
  Type 'DiscordjsErrorConstructor<Error>' is missing the following properties from type 'ErrorConstructor': isError, captureStackTrace, prepareStackTrace, stackTraceLimit

[7m622[0m       value: Util.verifyString(value, RangeError, 'EMBED_FIELD_VALUE', false),
[7m   [0m [91m                                      ~~~~~~~~~~[0m

[96msrc/structures/MessageMentions.ts[0m:[93m257[0m:[93m25[0m - [91merror[0m[90m TS2345: [0mArgument of type 'this' is not assignable to parameter of type 'Record<string, unknown>'.
  Type 'MessageMentions' is not assignable to type 'Record<string, unknown>'.
    Index signature for type 'string' is missing in type 'MessageMentions'.

[7m257[0m     return Util.flatten(this, {
[7m   [0m [91m                        ~~~~[0m

[96msrc/structures/MessagePayload.ts[0m:[93m120[0m:[93m57[0m - [91merror[0m[90m TS2345: [0mArgument of type 'DiscordjsErrorConstructor<Error>' is not assignable to parameter of type 'ErrorConstructor'.
  Type 'DiscordjsErrorConstructor<Error>' is missing the following properties from type 'ErrorConstructor': isError, captureStackTrace, prepareStackTrace, stackTraceLimit

[7m120[0m       content = Util.verifyString(this.options.content, RangeError, 'MESSAGE_CONTENT_TYPE', false);
[7m   [0m [91m                                                        ~~~~~~~~~~[0m

[96msrc/structures/MessageReaction.ts[0m:[93m159[0m:[93m25[0m - [91merror[0m[90m TS2345: [0mArgument of type 'this' is not assignable to parameter of type 'Record<string, unknown>'.
  Type 'MessageReaction' is not assignable to type 'Record<string, unknown>'.
    Index signature for type 'string' is missing in type 'MessageReaction'.

[7m159[0m     return Util.flatten(this, { emoji: 'emojiId', message: 'messageId' });
[7m   [0m [91m                        ~~~~[0m

[96msrc/structures/MessageSelectMenu.ts[0m:[93m17[0m:[93m10[0m - [91merror[0m[90m TS2612: [0mProperty 'type' will overwrite the base property in 'BaseMessageComponent'. If this is intentional, add an initializer. Otherwise, add a 'declare' modifier or remove the redundant declaration.

[7m17[0m   public type: any;
[7m  [0m [91m         ~~~~[0m

[96msrc/structures/MessageSelectMenu.ts[0m:[93m87[0m:[93m37[0m - [91merror[0m[90m TS2339: [0mProperty 'normalizeOptions' does not exist on type 'Function'.

[7m87[0m     this.options = this.constructor.normalizeOptions(data.options ?? []);
[7m  [0m [91m                                    ~~~~~~~~~~~~~~~~[0m

[96msrc/structures/PermissionOverwrites.ts[0m:[93m34[0m:[93m3[0m - [91merror[0m[90m TS2416: [0mProperty '_patch' in type 'PermissionOverwrites' is not assignable to the same property in base type 'Base'.
  Type '(data: any) => void' is not assignable to type '<T>(data: T) => T'.
    Type 'void' is not assignable to type 'T'.
      'T' could be instantiated with an arbitrary type which could be unrelated to 'void'.

[7m34[0m   _patch(data: any): void {
[7m  [0m [91m  ~~~~~~[0m

[96msrc/structures/Poll.ts[0m:[93m77[0m:[93m3[0m - [91merror[0m[90m TS2416: [0mProperty '_patch' in type 'Poll' is not assignable to the same property in base type 'Base'.
  Type '(data: any) => void' is not assignable to type '<T>(data: T) => T'.
    Type 'void' is not assignable to type 'T'.
      'T' could be instantiated with an arbitrary type which could be unrelated to 'void'.

[7m77[0m   _patch(data: any): void {
[7m  [0m [91m  ~~~~~~[0m

[96msrc/structures/PollAnswer.ts[0m:[93m13[0m:[93m18[0m - [91merror[0m[90m TS2416: [0mProperty 'id' in type 'PollAnswer' is not assignable to the same property in base type 'Base'.
  Type 'number' is not assignable to type 'string'.

[7m13[0m   declare public id: number;
[7m  [0m [91m                 ~~[0m

[96msrc/structures/PollAnswer.ts[0m:[93m52[0m:[93m3[0m - [91merror[0m[90m TS2416: [0mProperty '_patch' in type 'PollAnswer' is not assignable to the same property in base type 'Base'.
  Type '(data: any) => void' is not assignable to type '<T>(data: T) => T'.
    Type 'void' is not assignable to type 'T'.
      'T' could be instantiated with an arbitrary type which could be unrelated to 'void'.

[7m52[0m   _patch(data: any): void {
[7m  [0m [91m  ~~~~~~[0m

[96msrc/structures/ReactionEmoji.ts[0m:[93m23[0m:[93m25[0m - [91merror[0m[90m TS2345: [0mArgument of type 'this' is not assignable to parameter of type 'Record<string, unknown>'.
  Type 'ReactionEmoji' is not assignable to type 'Record<string, unknown>'.
    Index signature for type 'string' is missing in type 'ReactionEmoji'.

[7m23[0m     return Util.flatten(this, { identifier: true });
[7m  [0m [91m                        ~~~~[0m

[96msrc/structures/Role.ts[0m:[93m9[0m:[93m13[0m - [91merror[0m[90m TS2613: [0mModule '"/tmp/discord.js-selfbot-v13/src/structures/Guild"' has no default export. Did you mean to use 'import { Guild } from "/tmp/discord.js-selfbot-v13/src/structures/Guild"' instead?

[7m9[0m import type Guild from './Guild';
[7m [0m [91m            ~~~~~[0m

[96msrc/structures/Role.ts[0m:[93m10[0m:[93m13[0m - [91merror[0m[90m TS2613: [0mModule '"/tmp/discord.js-selfbot-v13/src/structures/GuildMember"' has no default export. Did you mean to use 'import { GuildMember } from "/tmp/discord.js-selfbot-v13/src/structures/GuildMember"' instead?

[7m10[0m import type GuildMember from './GuildMember';
[7m  [0m [91m            ~~~~~~~~~~~[0m

[96msrc/structures/Role.ts[0m:[93m76[0m:[93m3[0m - [91merror[0m[90m TS2416: [0mProperty '_patch' in type 'Role' is not assignable to the same property in base type 'Base'.
  Type '(data: any) => void' is not assignable to type '<T>(data: T) => T'.
    Type 'void' is not assignable to type 'T'.
      'T' could be instantiated with an arbitrary type which could be unrelated to 'void'.

[7m76[0m   _patch(data: any): void {
[7m  [0m [91m  ~~~~~~[0m

[96msrc/structures/Role.ts[0m:[93m359[0m:[93m20[0m - [91merror[0m[90m TS2339: [0mProperty 'rolePermissions' does not exist on type 'unknown'.

[7m359[0m     return channel.rolePermissions(this, checkAdmin);
[7m   [0m [91m                   ~~~~~~~~~~~~~~~[0m

[96msrc/structures/Role.ts[0m:[93m584[0m:[93m7[0m - [91merror[0m[90m TS2698: [0mSpread types may only be created from object types.

[7m584[0m       ...super.toJSON({ createdTimestamp: true }),
[7m   [0m [91m      ~~~~~~~~~~~~~~~~~~~~~~~~~~~~~~~~~~~~~~~~~~~[0m

[96msrc/structures/Session.ts[0m:[93m31[0m:[93m3[0m - [91merror[0m[90m TS2416: [0mProperty '_patch' in type 'Session' is not assignable to the same property in base type 'Base'.
  Type '(data: any) => void' is not assignable to type '<T>(data: T) => T'.
    Type 'void' is not assignable to type 'T'.
      'T' could be instantiated with an arbitrary type which could be unrelated to 'void'.

[7m31[0m   _patch(data: any): void {
[7m  [0m [91m  ~~~~~~[0m

[96msrc/structures/Session.ts[0m:[93m78[0m:[93m5[0m - [91merror[0m[90m TS2322: [0mType 'APIRouteProxy' is not assignable to type 'Promise<void>'.

[7m78[0m     return this.client.api.auth.sessions.logout({
[7m  [0m [91m    ~~~~~~[0m

[96msrc/structures/Session.ts[0m:[93m78[0m:[93m49[0m - [91merror[0m[90m TS2345: [0mArgument of type '{ data: { session_id_hashes: string[]; }; }' is not assignable to parameter of type 'string | number'.

[7m 78[0m     return this.client.api.auth.sessions.logout({
[7m   [0m [91m                                                ~[0m
[7m 79[0m       data: {
[7m   [0m [91m~~~~~~~~~~~~~[0m
[7m...[0m 
[7m 81[0m       },
[7m   [0m [91m~~~~~~~~[0m
[7m 82[0m     });
[7m   [0m [91m~~~~~[0m

[96msrc/structures/StageInstance.ts[0m:[93m39[0m:[93m3[0m - [91merror[0m[90m TS2416: [0mProperty '_patch' in type 'StageInstance' is not assignable to the same property in base type 'Base'.
  Type '(data: any) => void' is not assignable to type '<T>(data: T) => T'.
    Type 'void' is not assignable to type 'T'.
      'T' could be instantiated with an arbitrary type which could be unrelated to 'void'.

[7m39[0m   _patch(data: any): void {
[7m  [0m [91m  ~~~~~~[0m

[96msrc/structures/Sticker.ts[0m:[93m40[0m:[93m3[0m - [91merror[0m[90m TS2416: [0mProperty '_patch' in type 'Sticker' is not assignable to the same property in base type 'Base'.
  Type '(sticker: any) => void' is not assignable to type '<T>(data: T) => T'.
    Type 'void' is not assignable to type 'T'.
      'T' could be instantiated with an arbitrary type which could be unrelated to 'void'.

[7m40[0m   _patch(sticker: any): void {
[7m  [0m [91m  ~~~~~~[0m

[96msrc/structures/Team.ts[0m:[93m24[0m:[93m3[0m - [91merror[0m[90m TS2416: [0mProperty '_patch' in type 'Team' is not assignable to the same property in base type 'Base'.
  Type '(data: any) => void' is not assignable to type '<T>(data: T) => T'.
    Type 'void' is not assignable to type 'T'.
      'T' could be instantiated with an arbitrary type which could be unrelated to 'void'.

[7m24[0m   _patch(data: any): void {
[7m  [0m [91m  ~~~~~~[0m

[96msrc/structures/TeamMember.ts[0m:[93m29[0m:[93m3[0m - [91merror[0m[90m TS2416: [0mProperty '_patch' in type 'TeamMember' is not assignable to the same property in base type 'Base'.
  Type '(data: any) => void' is not assignable to type '<T>(data: T) => T'.
    Type 'void' is not assignable to type 'T'.
      'T' could be instantiated with an arbitrary type which could be unrelated to 'void'.

[7m29[0m   _patch(data: any): void {
[7m  [0m [91m  ~~~~~~[0m

[96msrc/structures/TeamMember.ts[0m:[93m69[0m:[93m7[0m - [91merror[0m[90m TS2611: [0m'id' is defined as a property in class 'Base', but is overridden here in 'TeamMember' as an accessor.

[7m69[0m   get id(): Snowflake {
[7m  [0m [91m      ~~[0m

[96msrc/structures/TextChannel.ts[0m:[93m28[0m:[93m3[0m - [91merror[0m[90m TS2416: [0mProperty 'setRateLimitPerUser' in type 'TextChannel' is not assignable to the same property in base type 'BaseGuildTextChannel'.
  Type '(rateLimitPerUser: number, reason?: string) => Promise<TextChannel>' is not assignable to type '() => void'.
    Target signature provides too few arguments. Expected 1 or more, but got 0.

[7m28[0m   setRateLimitPerUser(rateLimitPerUser: number, reason?: string): Promise<TextChannel> {
[7m  [0m [91m  ~~~~~~~~~~~~~~~~~~~[0m

[96msrc/structures/TextInputComponent.ts[0m:[93m99[0m:[93m43[0m - [91merror[0m[90m TS2345: [0mArgument of type 'DiscordjsErrorConstructor<Error>' is not assignable to parameter of type 'ErrorConstructor'.
  Type 'DiscordjsErrorConstructor<Error>' is missing the following properties from type 'ErrorConstructor': isError, captureStackTrace, prepareStackTrace, stackTraceLimit

[7m99[0m     this.value = Util.verifyString(value, RangeError, 'TEXT_INPUT_VALUE');
[7m  [0m [91m                                          ~~~~~~~~~~[0m

[96msrc/structures/ThreadChannel.ts[0m:[93m8[0m:[93m10[0m - [91merror[0m[90m TS2614: [0mModule '"../util/Util"' has no exported member 'resolveAutoArchiveMaxLimit'. Did you mean to use 'import resolveAutoArchiveMaxLimit from "../util/Util"' instead?

[7m8[0m import { resolveAutoArchiveMaxLimit } from '../util/Util';
[7m [0m [91m         ~~~~~~~~~~~~~~~~~~~~~~~~~~[0m

[96msrc/structures/ThreadChannel.ts[0m:[93m63[0m:[93m40[0m - [91merror[0m[90m TS2345: [0mArgument of type 'this' is not assignable to parameter of type 'TextBasedChannel'.
  Type 'ThreadChannel' is not assignable to type 'TextBasedChannel'.
    Index signature for type 'string' is missing in type 'ThreadChannel'.

[7m63[0m     this.messages = new MessageManager(this);
[7m  [0m [91m                                       ~~~~[0m

[96msrc/structures/ThreadChannel.ts[0m:[93m313[0m:[93m20[0m - [91merror[0m[90m TS2339: [0mProperty 'get' does not exist on type 'ThreadMember | Collection<string, ThreadMember>'.
  Property 'get' does not exist on type 'ThreadMember'.

[7m313[0m     return members.get(this.ownerId) ?? null;
[7m   [0m [91m                   ~~~[0m

[96msrc/structures/ThreadChannel.ts[0m:[93m609[0m:[93m7[0m - [91merror[0m[90m TS2378: [0mA 'get' accessor must return a value.

[7m609[0m   get lastMessage() {}
[7m   [0m [91m      ~~~~~~~~~~~[0m

[96msrc/structures/ThreadChannel.ts[0m:[93m610[0m:[93m7[0m - [91merror[0m[90m TS2378: [0mA 'get' accessor must return a value.

[7m610[0m   get lastPinAt() {}
[7m   [0m [91m      ~~~~~~~~~[0m

[96msrc/structures/ThreadMember.ts[0m:[93m39[0m:[93m3[0m - [91merror[0m[90m TS2416: [0mProperty '_patch' in type 'ThreadMember' is not assignable to the same property in base type 'Base'.
  Type '(data: any, extra?: any) => void' is not assignable to type '<T>(data: T) => T'.
    Type 'void' is not assignable to type 'T'.
      'T' could be instantiated with an arbitrary type which could be unrelated to 'void'.

[7m39[0m   _patch(data: any, extra: any = {}): void {
[7m  [0m [91m  ~~~~~~[0m

[96msrc/structures/ThreadOnlyChannel.ts[0m:[93m5[0m:[93m10[0m - [91merror[0m[90m TS2614: [0mModule '"../util/Util"' has no exported member 'transformAPIGuildForumTag'. Did you mean to use 'import transformAPIGuildForumTag from "../util/Util"' instead?

[7m5[0m import { transformAPIGuildForumTag, transformAPIGuildDefaultReaction } from '../util/Util';
[7m [0m [91m         ~~~~~~~~~~~~~~~~~~~~~~~~~[0m

[96msrc/structures/ThreadOnlyChannel.ts[0m:[93m5[0m:[93m37[0m - [91merror[0m[90m TS2614: [0mModule '"../util/Util"' has no exported member 'transformAPIGuildDefaultReaction'. Did you mean to use 'import transformAPIGuildDefaultReaction from "../util/Util"' instead?

[7m5[0m import { transformAPIGuildForumTag, transformAPIGuildDefaultReaction } from '../util/Util';
[7m [0m [91m                                    ~~~~~~~~~~~~~~~~~~~~~~~~~~~~~~~~[0m

[96msrc/structures/Typing.ts[0m:[93m30[0m:[93m3[0m - [91merror[0m[90m TS2416: [0mProperty '_patch' in type 'Typing' is not assignable to the same property in base type 'Base'.
  Type '(data: any) => void' is not assignable to type '<T>(data: T) => T'.
    Type 'void' is not assignable to type 'T'.
      'T' could be instantiated with an arbitrary type which could be unrelated to 'void'.

[7m30[0m   _patch(data: any): void {
[7m  [0m [91m  ~~~~~~[0m

[96msrc/structures/VoiceRegion.ts[0m:[93m54[0m:[93m25[0m - [91merror[0m[90m TS2345: [0mArgument of type 'this' is not assignable to parameter of type 'Record<string, unknown>'.
  Type 'VoiceRegion' is not assignable to type 'Record<string, unknown>'.
    Index signature for type 'string' is missing in type 'VoiceRegion'.

[7m54[0m     return Util.flatten(this);
[7m  [0m [91m                        ~~~~[0m

[96msrc/structures/WebEmbed.ts[0m:[93m238[0m:[93m37[0m - [91merror[0m[90m TS2345: [0mArgument of type 'DiscordjsErrorConstructor<Error>' is not assignable to parameter of type 'ErrorConstructor'.
  Type 'DiscordjsErrorConstructor<Error>' is missing the following properties from type 'ErrorConstructor': isError, captureStackTrace, prepareStackTrace, stackTraceLimit

[7m238[0m       name: Util.verifyString(name, RangeError, 'EMBED_AUTHOR_NAME'),
[7m   [0m [91m                                    ~~~~~~~~~~[0m

[96msrc/structures/WebEmbed.ts[0m:[93m263[0m:[93m37[0m - [91merror[0m[90m TS2345: [0mArgument of type 'DiscordjsErrorConstructor<Error>' is not assignable to parameter of type 'ErrorConstructor'.
  Type 'DiscordjsErrorConstructor<Error>' is missing the following properties from type 'ErrorConstructor': isError, captureStackTrace, prepareStackTrace, stackTraceLimit

[7m263[0m       name: Util.verifyString(name, RangeError, 'EMBED_PROVIDER_NAME'),
[7m   [0m [91m                                    ~~~~~~~~~~[0m

[96msrc/structures/WebEmbed.ts[0m:[93m285[0m:[93m55[0m - [91merror[0m[90m TS2345: [0mArgument of type 'DiscordjsErrorConstructor<Error>' is not assignable to parameter of type 'ErrorConstructor'.
  Type 'DiscordjsErrorConstructor<Error>' is missing the following properties from type 'ErrorConstructor': isError, captureStackTrace, prepareStackTrace, stackTraceLimit

[7m285[0m     this.description = Util.verifyString(description, RangeError, 'EMBED_DESCRIPTION');
[7m   [0m [91m                                                      ~~~~~~~~~~[0m

[96msrc/structures/WebEmbed.ts[0m:[93m335[0m:[93m43[0m - [91merror[0m[90m TS2345: [0mArgument of type 'DiscordjsErrorConstructor<Error>' is not assignable to parameter of type 'ErrorConstructor'.
  Type 'DiscordjsErrorConstructor<Error>' is missing the following properties from type 'ErrorConstructor': isError, captureStackTrace, prepareStackTrace, stackTraceLimit

[7m335[0m     this.title = Util.verifyString(title, RangeError, 'EMBED_TITLE');
[7m   [0m [91m                                          ~~~~~~~~~~[0m

[96msrc/structures/Widget.ts[0m:[93m30[0m:[93m3[0m - [91merror[0m[90m TS2416: [0mProperty '_patch' in type 'Widget' is not assignable to the same property in base type 'Base'.
  Type '(data: any) => void' is not assignable to type '<T>(data: T) => T'.
    Type 'void' is not assignable to type 'T'.
      'T' could be instantiated with an arbitrary type which could be unrelated to 'void'.

[7m30[0m   _patch(data: any): void {
[7m  [0m [91m  ~~~~~~[0m

[96msrc/structures/interfaces/Application.ts[0m:[93m95[0m:[93m3[0m - [91merror[0m[90m TS2416: [0mProperty '_patch' in type 'Application' is not assignable to the same property in base type 'Base'.
  Type '(data: any) => void' is not assignable to type '<T>(data: T) => T'.
    Type 'void' is not assignable to type 'T'.
      'T' could be instantiated with an arbitrary type which could be unrelated to 'void'.

[7m95[0m   _patch(data: any): void {
[7m  [0m [91m  ~~~~~~[0m

[96msrc/structures/interfaces/Application.ts[0m:[93m811[0m:[93m10[0m - [91merror[0m[90m TS2551: [0mProperty '_partial' does not exist on type 'User'. Did you mean 'partial'?

[7m811[0m     user._partial = false;
[7m   [0m [91m         ~~~~~~~~[0m

  [96msrc/structures/User.ts[0m:[93m282[0m:[93m7[0m
    [7m282[0m   get partial(): boolean {
    [7m   [0m [96m      ~~~~~~~[0m
    'partial' is declared here.

[96msrc/structures/interfaces/Application.ts[0m:[93m842[0m:[93m51[0m - [91merror[0m[90m TS2339: [0mProperty 'cdn' does not exist on type 'unknown'.

[7m842[0m     return Endpoints.CDN(this.client.options.http.cdn).AppIcon(this.id, this.cover, { format, size });
[7m   [0m [91m                                                  ~~~[0m

[96msrc/util/BitField.ts[0m:[93m58[0m:[93m7[0m - [91merror[0m[90m TS2322: [0mType 'number' is not assignable to type 'N'.
  'number' is assignable to the constraint of type 'N', but 'N' could be instantiated with a different subtype of constraint 'number | bigint'.

[7m58[0m       total |= ctor.resolve(bit);
[7m  [0m [91m      ~~~~~[0m

[96msrc/util/BitField.ts[0m:[93m60[0m:[93m48[0m - [91merror[0m[90m TS2345: [0mArgument of type 'number' is not assignable to parameter of type 'BitFieldResolvable<S, N>'.

[7m60[0m     if (Object.isFrozen(this)) return new ctor(this.bitfield | total) as this;
[7m  [0m [91m                                               ~~~~~~~~~~~~~~~~~~~~~[0m

[96msrc/util/BitField.ts[0m:[93m61[0m:[93m5[0m - [91merror[0m[90m TS2322: [0mType 'number' is not assignable to type 'N'.
  'number' is assignable to the constraint of type 'N', but 'N' could be instantiated with a different subtype of constraint 'number | bigint'.

[7m61[0m     this.bitfield |= total;
[7m  [0m [91m    ~~~~~~~~~~~~~[0m

[96msrc/util/BitField.ts[0m:[93m69[0m:[93m7[0m - [91merror[0m[90m TS2322: [0mType 'number' is not assignable to type 'N'.
  'number' is assignable to the constraint of type 'N', but 'N' could be instantiated with a different subtype of constraint 'number | bigint'.

[7m69[0m       total |= ctor.resolve(bit);
[7m  [0m [91m      ~~~~~[0m

[96msrc/util/BitField.ts[0m:[93m71[0m:[93m48[0m - [91merror[0m[90m TS2345: [0mArgument of type 'number' is not assignable to parameter of type 'BitFieldResolvable<S, N>'.

[7m71[0m     if (Object.isFrozen(this)) return new ctor(this.bitfield & ~total) as this;
[7m  [0m [91m                                               ~~~~~~~~~~~~~~~~~~~~~~[0m

[96msrc/util/BitField.ts[0m:[93m72[0m:[93m5[0m - [91merror[0m[90m TS2322: [0mType 'number' is not assignable to type 'N'.
  'number' is assignable to the constraint of type 'N', but 'N' could be instantiated with a different subtype of constraint 'number | bigint'.

[7m72[0m     this.bitfield &= ~total;
[7m  [0m [91m    ~~~~~~~~~~~~~[0m

[96msrc/util/BitField.ts[0m:[93m105[0m:[93m45[0m - [91merror[0m[90m TS2365: [0mOperator '>=' cannot be applied to types 'string | S | N | BitField<S, N> | readonly BitFieldResolvable<S, N>[]' and 'N'.

[7m105[0m     if (typeof defaultBit === typeof bit && bit >= defaultBit) return bit as N;
[7m   [0m [91m                                            ~~~~~~~~~~~~~~~~~[0m

[96msrc/util/BitField.ts[0m:[93m107[0m:[93m86[0m - [91merror[0m[90m TS2769: [0mNo overload matches this call.
  Overload 1 of 3, '(callbackfn: (previousValue: N, currentValue: N, currentIndex: number, array: N[]) => N, initialValue: N): N', gave the following error.
    Type 'number' is not assignable to type 'N'.
      'number' is assignable to the constraint of type 'N', but 'N' could be instantiated with a different subtype of constraint 'number | bigint'.
  Overload 2 of 3, '(callbackfn: (previousValue: N, currentValue: N, currentIndex: number, array: N[]) => N, initialValue: N): N', gave the following error.
    Type 'number' is not assignable to type 'N'.
      'number' is assignable to the constraint of type 'N', but 'N' could be instantiated with a different subtype of constraint 'number | bigint'.

[7m107[0m     if (Array.isArray(bit)) return bit.map(p => this.resolve(p)).reduce((prev, p) => prev | p, defaultBit);
[7m   [0m [91m                                                                                     ~~~~~~~~[0m

  [96mnode_modules/typescript/lib/lib.es5.d.ts[0m:[93m1489[0m:[93m24[0m
    [7m1489[0m     reduce(callbackfn: (previousValue: T, currentValue: T, currentIndex: number, array: T[]) => T, initialValue: T): T;
    [7m    [0m [96m                       ~~~~~~~~~~~~~~~~~~~~~~~~~~~~~~~~~~~~~~~~~~~~~~~~~~~~~~~~~~~~~~~~~~~~~~~~~~[0m
    The expected type comes from the return type of this signature.
  [96mnode_modules/typescript/lib/lib.es5.d.ts[0m:[93m1495[0m:[93m27[0m
    [7m1495[0m     reduce<U>(callbackfn: (previousValue: U, currentValue: T, currentIndex: number, array: T[]) => U, initialValue: U): U;
    [7m    [0m [96m                          ~~~~~~~~~~~~~~~~~~~~~~~~~~~~~~~~~~~~~~~~~~~~~~~~~~~~~~~~~~~~~~~~~~~~~~~~~~[0m
    The expected type comes from the return type of this signature.

[96msrc/util/BitField.ts[0m:[93m110[0m:[93m11[0m - [91merror[0m[90m TS2536: [0mType '`${number}` | S' cannot be used to index type 'Record<S, N>'.

[7m110[0m       if (this.FLAGS[bit] !== undefined) return this.FLAGS[bit];
[7m   [0m [91m          ~~~~~~~~~~~~~~~[0m

[96msrc/util/BitField.ts[0m:[93m110[0m:[93m49[0m - [91merror[0m[90m TS2536: [0mType '`${number}` | S' cannot be used to index type 'Record<S, N>'.

[7m110[0m       if (this.FLAGS[bit] !== undefined) return this.FLAGS[bit];
[7m   [0m [91m                                                ~~~~~~~~~~~~~~~[0m

[96msrc/util/DataResolver.ts[0m:[93m115[0m:[93m21[0m - [91merror[0m[90m TS2322: [0mType 'ReadableStream<any>' is not assignable to type 'Buffer<ArrayBufferLike> | Readable'.
  Type 'ReadableStream<any>' is missing the following properties from type 'Readable': readableAborted, readable, readableDidRead, readableEncoding, and 51 more.

[7m115[0m         if (res.ok) return res.body;
[7m   [0m [91m                    ~~~~~~[0m

[96msrc/util/Options.ts[0m:[93m181[0m:[93m39[0m - [91merror[0m[90m TS2345: [0mArgument of type 'Record<string, unknown>' is not assignable to parameter of type 'Record<string, number | Record<string, unknown>>'.
  'string' index signatures are incompatible.
    Type 'unknown' is not assignable to type 'number | Record<string, unknown>'.

[7m181[0m       makeCache: this.cacheWithLimits(this.defaultMakeCacheSettings),
[7m   [0m [91m                                      ~~~~~~~~~~~~~~~~~~~~~~~~~~~~~[0m

[96msrc/util/Options.ts[0m:[93m306[0m:[93m36[0m - [91merror[0m[90m TS2345: [0mArgument of type '{ sweepFilter?: unknown; sweepInterval?: number; maxSize?: number; }' is not assignable to parameter of type 'LimitedCollectionOptions<unknown, unknown>'.
  Types of property 'sweepFilter' are incompatible.
    Type 'unknown' is not assignable to type '(collection: LimitedCollection<unknown, unknown>) => (value: unknown, key: unknown, collection: Collection<unknown, unknown>) => boolean'.
      Type '{}' provides no match for the signature '(collection: LimitedCollection<unknown, unknown>): (value: unknown, key: unknown, collection: Collection<unknown, unknown>) => boolean'.

[7m306[0m       return new LimitedCollection(resolvedSetting);
[7m   [0m [91m                                   ~~~~~~~~~~~~~~~[0m

[96msrc/util/Permissions.ts[0m:[93m96[0m:[93m52[0m - [91merror[0m[90m TS2339: [0mProperty 'FLAGS' does not exist on type 'Function'.

[7m96[0m     return checkAdmin && this.has(this.constructor.FLAGS.ADMINISTRATOR) ? [] : super.missing(bits);
[7m  [0m [91m                                                   ~~~~~[0m

[96msrc/util/Permissions.ts[0m:[93m106[0m:[93m54[0m - [91merror[0m[90m TS2339: [0mProperty 'FLAGS' does not exist on type 'Function'.

[7m106[0m     return (checkAdmin && super.has(this.constructor.FLAGS.ADMINISTRATOR)) || super.any(permission);
[7m   [0m [91m                                                     ~~~~~[0m

[96msrc/util/Permissions.ts[0m:[93m116[0m:[93m54[0m - [91merror[0m[90m TS2339: [0mProperty 'FLAGS' does not exist on type 'Function'.

[7m116[0m     return (checkAdmin && super.has(this.constructor.FLAGS.ADMINISTRATOR)) || super.has(permission);
[7m   [0m [91m                                                     ~~~~~[0m

[96msrc/util/Permissions.ts[0m:[93m124[0m:[93m26[0m - [91merror[0m[90m TS2554: [0mExpected 0 arguments, but got 1.

[7m124[0m     return super.toArray(false);
[7m   [0m [91m                         ~~~~~[0m

[96msrc/util/RemoteAuth.ts[0m:[93m303[0m:[93m15[0m - [91merror[0m[90m TS2339: [0mProperty 'ws' does not exist on type 'DiscordAuthWebsocket'.

[7m303[0m     if (!this.ws) return;
[7m   [0m [91m              ~~[0m

[96msrc/util/RemoteAuth.ts[0m:[93m304[0m:[93m10[0m - [91merror[0m[90m TS2339: [0mProperty 'ws' does not exist on type 'DiscordAuthWebsocket'.

[7m304[0m     this.ws.close();
[7m   [0m [91m         ~~[0m

[96msrc/util/RemoteAuth.ts[0m:[93m338[0m:[93m85[0m - [91merror[0m[90m TS2339: [0mProperty 'properties' does not exist on type 'unknown'.

[7m338[0m         'X-Super-Properties': `${Buffer.from(JSON.stringify(defaultClientOptions.ws.properties), 'ascii').toString(
[7m   [0m [91m                                                                                    ~~~~~~~~~~[0m


Found 331 errors in 118 files.

Errors  Files
     1  src/client/BaseClient.ts[90m:83[0m
     7  src/client/Client.ts[90m:185[0m
     1  src/client/actions/ChannelCreate.ts[90m:8[0m
     1  src/client/actions/ChannelDelete.ts[90m:10[0m
     1  src/client/actions/ChannelUpdate.ts[90m:34[0m
     1  src/client/actions/GuildAuditLogEntryCreate.ts[90m:14[0m
     5  src/client/actions/GuildDelete.ts[90m:9[0m
     1  src/client/actions/GuildEmojiCreate.ts[90m:5[0m
     1  src/client/actions/GuildEmojiUpdate.ts[90m:5[0m
     1  src/client/actions/GuildMemberRemove.ts[90m:6[0m
     3  src/client/actions/GuildMemberUpdate.ts[90m:5[0m
     1  src/client/actions/GuildScheduledEventDelete.ts[90m:12[0m
     1  src/client/actions/GuildStickerCreate.ts[90m:5[0m
     1  src/client/actions/GuildStickerUpdate.ts[90m:5[0m
     1  src/client/actions/MessageCreate.ts[90m:19[0m
     3  src/client/actions/MessageDeleteBulk.ts[90m:22[0m
     1  src/client/actions/MessagePollVoteAdd.ts[90m:12[0m
     1  src/client/actions/MessagePollVoteRemove.ts[90m:12[0m
     5  src/client/actions/MessageReactionAdd.ts[90m:36[0m
     2  src/client/actions/MessageReactionRemove.ts[90m:32[0m
     2  src/client/actions/MessageReactionRemoveAll.ts[90m:15[0m
     5  src/client/actions/MessageReactionRemoveEmoji.ts[90m:12[0m
     1  src/client/actions/MessageUpdate.ts[90m:12[0m
     2  src/client/actions/PresenceUpdate.ts[90m:9[0m
     1  src/client/actions/ThreadCreate.ts[90m:8[0m
     3  src/client/actions/ThreadListSync.ts[90m:24[0m
     2  src/client/actions/ThreadMemberUpdate.ts[90m:10[0m
     5  src/client/actions/ThreadMembersUpdate.ts[90m:9[0m
     1  src/client/actions/UserUpdate.ts[90m:9[0m
    10  src/client/voice/VoiceConnection.ts[90m:612[0m
     2  src/client/voice/dispatcher/AnnexBDispatcher.ts[90m:31[0m
     2  src/client/voice/dispatcher/AudioDispatcher.ts[90m:141[0m
     4  src/client/voice/dispatcher/BaseDispatcher.ts[90m:134[0m
     1  src/client/voice/dispatcher/VPxDispatcher.ts[90m:42[0m
     9  src/client/voice/networking/VoiceUDPClient.ts[90m:118[0m
     4  src/client/voice/networking/VoiceWebSocket.ts[90m:3[0m
     1  src/client/voice/player/processing/AnnexBNalSplitter.ts[90m:193[0m
     5  src/client/websocket/WebSocketManager.ts[90m:56[0m
    12  src/client/websocket/WebSocketShard.ts[90m:21[0m
     1  src/client/websocket/handlers/APPLICATION_COMMAND_CREATE.ts[90m:5[0m
     1  src/client/websocket/handlers/APPLICATION_COMMAND_DELETE.ts[90m:5[0m
     1  src/client/websocket/handlers/APPLICATION_COMMAND_UPDATE.ts[90m:5[0m
     1  src/client/websocket/handlers/CHANNEL_PINS_UPDATE.ts[90m:10[0m
     3  src/client/websocket/handlers/CHANNEL_RECIPIENT_ADD.ts[90m:5[0m
     4  src/client/websocket/handlers/CHANNEL_RECIPIENT_REMOVE.ts[90m:5[0m
     5  src/client/websocket/handlers/READY.ts[90m:12[0m
     1  src/client/websocket/handlers/VOICE_CHANNEL_STATUS_UPDATE.ts[90m:8[0m
     3  src/errors/DJSError.ts[90m:26[0m
     2  src/errors/Messages.ts[90m:174[0m
     3  src/index.ts[90m:19[0m
     7  src/rest/RESTManager.ts[90m:32[0m
    11  src/rest/RequestHandler.ts[90m:131[0m
     1  src/sharding/Shard.ts[90m:245[0m
     7  src/sharding/ShardClientUtil.ts[90m:136[0m
     4  src/sharding/ShardingManager.ts[90m:104[0m
     1  src/structures/AnonymousGuild.ts[90m:25[0m
     5  src/structures/ApplicationCommand.ts[90m:75[0m
     1  src/structures/AutoModerationRule.ts[90m:59[0m
     5  src/structures/AutocompleteInteraction.ts[90m:49[0m
     1  src/structures/Base.ts[90m:40[0m
     1  src/structures/BaseGuildEmoji.ts[90m:32[0m
     3  src/structures/BaseGuildTextChannel.ts[90m:30[0m
     2  src/structures/BaseGuildVoiceChannel.ts[90m:32[0m
     2  src/structures/CallState.ts[90m:28[0m
     1  src/structures/ClientUser.ts[90m:383[0m
     1  src/structures/ContainerComponent.ts[90m:66[0m
     1  src/structures/ContextMenuInteraction.ts[90m:14[0m
     7  src/structures/DMChannel.ts[90m:32[0m
     1  src/structures/FileComponent.ts[90m:46[0m
     8  src/structures/GroupDMChannel.ts[90m:34[0m
     4  src/structures/GuildAuditLogs.ts[90m:16[0m
     1  src/structures/GuildBan.ts[90m:26[0m
     1  src/structures/GuildBoost.ts[90m:23[0m
     7  src/structures/GuildChannel.ts[90m:97[0m
     2  src/structures/GuildEmoji.ts[90m:8[0m
     8  src/structures/GuildMember.ts[90m:12[0m
     3  src/structures/GuildPreview.ts[90m:34[0m
     3  src/structures/GuildScheduledEvent.ts[90m:54[0m
     2  src/structures/GuildTemplate.ts[90m:227[0m
     1  src/structures/Integration.ts[90m:152[0m
     7  src/structures/IntegrationApplication.ts[90m:8[0m
     4  src/structures/InteractionWebhook.ts[90m:36[0m
     3  src/structures/Invite.ts[90m:47[0m
     1  src/structures/InviteStageInstance.ts[90m:40[0m
     3  src/structures/Message.ts[90m:88[0m
     1  src/structures/MessageAttachment.ts[90m:221[0m
     3  src/structures/MessageButton.ts[90m:82[0m
     1  src/structures/MessageComponentInteraction.ts[90m:14[0m
     7  src/structures/MessageEmbed.ts[90m:442[0m
     1  src/structures/MessageMentions.ts[90m:257[0m
     1  src/structures/MessagePayload.ts[90m:120[0m
     1  src/structures/MessageReaction.ts[90m:159[0m
     2  src/structures/MessageSelectMenu.ts[90m:17[0m
     1  src/structures/PermissionOverwrites.ts[90m:34[0m
     1  src/structures/Poll.ts[90m:77[0m
     2  src/structures/PollAnswer.ts[90m:13[0m
     1  src/structures/ReactionEmoji.ts[90m:23[0m
     5  src/structures/Role.ts[90m:9[0m
     3  src/structures/Session.ts[90m:31[0m
     1  src/structures/StageInstance.ts[90m:39[0m
     1  src/structures/Sticker.ts[90m:40[0m
     1  src/structures/Team.ts[90m:24[0m
     2  src/structures/TeamMember.ts[90m:29[0m
     1  src/structures/TextChannel.ts[90m:28[0m
     1  src/structures/TextInputComponent.ts[90m:99[0m
     5  src/structures/ThreadChannel.ts[90m:8[0m
     1  src/structures/ThreadMember.ts[90m:39[0m
     2  src/structures/ThreadOnlyChannel.ts[90m:5[0m
     1  src/structures/Typing.ts[90m:30[0m
     1  src/structures/VoiceRegion.ts[90m:54[0m
     4  src/structures/WebEmbed.ts[90m:238[0m
     1  src/structures/Widget.ts[90m:30[0m
     3  src/structures/interfaces/Application.ts[90m:95[0m
    10  src/util/BitField.ts[90m:58[0m
     1  src/util/DataResolver.ts[90m:115[0m
     2  src/util/Options.ts[90m:181[0m
     4  src/util/Permissions.ts[90m:96[0m
     3  src/util/RemoteAuth.ts[90m:303[0m
